Component: ARM Compiler 6.13.1 Tool: armlink [5d895400]

==============================================================================

Section Cross References

    main.o(.text.main) refers to uart.o(.text.UART_Init) for UART_Init
    main.o(.text.main) refers to i2c.o(.text.I2C_Init) for I2C_Init
    main.o(.text.main) refers to uartcmds.o(.text.UART_parse_cmd) for UART_parse_cmd
    main.o(.text.main) refers to uart.o(.bss..L_MergedGlobals) for uart_cmd_received
    main.o(.ARM.exidx.text.main) refers to main.o(.text.main) for [Anonymous Symbol]
    uart.o(.ARM.exidx.text.UART_Init) refers to uart.o(.text.UART_Init) for [Anonymous Symbol]
    uart.o(.ARM.exidx.text.UART_TX) refers to uart.o(.text.UART_TX) for [Anonymous Symbol]
    uart.o(.text.USART2_IRQHandler) refers to rt_memclr.o(.text) for __aeabi_memclr
    uart.o(.text.USART2_IRQHandler) refers to uart.o(.bss..L_MergedGlobals) for [Anonymous Symbol]
    uart.o(.ARM.exidx.text.USART2_IRQHandler) refers to uart.o(.text.USART2_IRQHandler) for [Anonymous Symbol]
    i2c.o(.ARM.exidx.text.I2C_Init) refers to i2c.o(.text.I2C_Init) for [Anonymous Symbol]
    i2c.o(.ARM.exidx.text.I2C_Write) refers to i2c.o(.text.I2C_Write) for [Anonymous Symbol]
    i2c.o(.ARM.exidx.text.I2C_Read) refers to i2c.o(.text.I2C_Read) for [Anonymous Symbol]
    uartcmds.o(.text) refers (Special) to _printf_d.o(.ARM.Collect$$_printf_percent$$00000009) for _printf_d
    uartcmds.o(.text) refers (Special) to _printf_dec.o(.text) for _printf_int_dec
    uartcmds.o(.text) refers (Special) to _printf_percent.o(.ARM.Collect$$_printf_percent$$00000000) for _printf_percent
    uartcmds.o(.text) refers (Special) to _printf_pad.o(.text) for _printf_pre_padding
    uartcmds.o(.text.UART_show_syntax_error) refers (Special) to _printf_d.o(.ARM.Collect$$_printf_percent$$00000009) for _printf_d
    uartcmds.o(.text.UART_show_syntax_error) refers (Special) to _printf_dec.o(.text) for _printf_int_dec
    uartcmds.o(.text.UART_show_syntax_error) refers (Special) to _printf_percent.o(.ARM.Collect$$_printf_percent$$00000000) for _printf_percent
    uartcmds.o(.text.UART_show_syntax_error) refers (Special) to _printf_pad.o(.text) for _printf_pre_padding
    uartcmds.o(.text.UART_show_syntax_error) refers to uart.o(.text.UART_TX) for UART_TX
    uartcmds.o(.ARM.exidx.text.UART_show_syntax_error) refers (Special) to _printf_d.o(.ARM.Collect$$_printf_percent$$00000009) for _printf_d
    uartcmds.o(.ARM.exidx.text.UART_show_syntax_error) refers (Special) to _printf_dec.o(.text) for _printf_int_dec
    uartcmds.o(.ARM.exidx.text.UART_show_syntax_error) refers (Special) to _printf_percent.o(.ARM.Collect$$_printf_percent$$00000000) for _printf_percent
    uartcmds.o(.ARM.exidx.text.UART_show_syntax_error) refers (Special) to _printf_pad.o(.text) for _printf_pre_padding
    uartcmds.o(.ARM.exidx.text.UART_show_syntax_error) refers to uartcmds.o(.text.UART_show_syntax_error) for [Anonymous Symbol]
    uartcmds.o(.text.UART_parse_cmd) refers (Special) to _printf_d.o(.ARM.Collect$$_printf_percent$$00000009) for _printf_d
    uartcmds.o(.text.UART_parse_cmd) refers (Special) to _printf_dec.o(.text) for _printf_int_dec
    uartcmds.o(.text.UART_parse_cmd) refers (Special) to _printf_percent.o(.ARM.Collect$$_printf_percent$$00000000) for _printf_percent
    uartcmds.o(.text.UART_parse_cmd) refers (Special) to _printf_pad.o(.text) for _printf_pre_padding
    uartcmds.o(.text.UART_parse_cmd) refers to strcmpv7em.o(.text) for strcmp
    uartcmds.o(.text.UART_parse_cmd) refers to uart.o(.text.UART_TX) for UART_TX
    uartcmds.o(.text.UART_parse_cmd) refers to uartcmds.o(.rodata.str1.1) for .L.str.2
    uartcmds.o(.text.UART_parse_cmd) refers to uartcmds.o(.rodata.UART_func_list) for [Anonymous Symbol]
    uartcmds.o(.ARM.exidx.text.UART_parse_cmd) refers (Special) to _printf_d.o(.ARM.Collect$$_printf_percent$$00000009) for _printf_d
    uartcmds.o(.ARM.exidx.text.UART_parse_cmd) refers (Special) to _printf_dec.o(.text) for _printf_int_dec
    uartcmds.o(.ARM.exidx.text.UART_parse_cmd) refers (Special) to _printf_percent.o(.ARM.Collect$$_printf_percent$$00000000) for _printf_percent
    uartcmds.o(.ARM.exidx.text.UART_parse_cmd) refers (Special) to _printf_pad.o(.text) for _printf_pre_padding
    uartcmds.o(.ARM.exidx.text.UART_parse_cmd) refers to uartcmds.o(.text.UART_parse_cmd) for [Anonymous Symbol]
    uartcmds.o(.text.UART_send_help) refers (Special) to _printf_d.o(.ARM.Collect$$_printf_percent$$00000009) for _printf_d
    uartcmds.o(.text.UART_send_help) refers (Special) to _printf_dec.o(.text) for _printf_int_dec
    uartcmds.o(.text.UART_send_help) refers (Special) to _printf_percent.o(.ARM.Collect$$_printf_percent$$00000000) for _printf_percent
    uartcmds.o(.text.UART_send_help) refers (Special) to _printf_pad.o(.text) for _printf_pre_padding
    uartcmds.o(.text.UART_send_help) refers to uart.o(.text.UART_TX) for UART_TX
[...]
    uartcmds.o(.text.DS3231_read_date) refers (Special) to _printf_pad.o(.text) for _printf_pre_padding
    uartcmds.o(.text.DS3231_read_date) refers to uart.o(.text.UART_TX) for UART_TX
    uartcmds.o(.ARM.exidx.text.DS3231_read_date) refers (Special) to _printf_d.o(.ARM.Collect$$_printf_percent$$00000009) for _printf_d
    uartcmds.o(.ARM.exidx.text.DS3231_read_date) refers (Special) to _printf_dec.o(.text) for _printf_int_dec
    uartcmds.o(.ARM.exidx.text.DS3231_read_date) refers (Special) to _printf_percent.o(.ARM.Collect$$_printf_percent$$00000000) for _printf_percent
    uartcmds.o(.ARM.exidx.text.DS3231_read_date) refers (Special) to _printf_pad.o(.text) for _printf_pre_padding
    uartcmds.o(.ARM.exidx.text.DS3231_read_date) refers to uartcmds.o(.text.DS3231_read_date) for [Anonymous Symbol]
    uartcmds.o(.text.DS3231_read_temp) refers (Special) to _printf_d.o(.ARM.Collect$$_printf_percent$$00000009) for _printf_d
    uartcmds.o(.text.DS3231_read_temp) refers (Special) to _printf_dec.o(.text) for _printf_int_dec
    uartcmds.o(.text.DS3231_read_temp) refers (Special) to _printf_percent.o(.ARM.Collect$$_printf_percent$$00000000) for _printf_percent
    uartcmds.o(.text.DS3231_read_temp) refers (Special) to _printf_pad.o(.text) for _printf_pre_padding
    uartcmds.o(.text.DS3231_read_temp) refers to uart.o(.text.UART_TX) for UART_TX
    uartcmds.o(.ARM.exidx.text.DS3231_read_temp) refers (Special) to _printf_d.o(.ARM.Collect$$_printf_percent$$00000009) for _printf_d
    uartcmds.o(.ARM.exidx.text.DS3231_read_temp) refers (Special) to _printf_dec.o(.text) for _printf_int_dec
    uartcmds.o(.ARM.exidx.text.DS3231_read_temp) refers (Special) to _printf_percent.o(.ARM.Collect$$_printf_percent$$00000000) for _printf_percent
    uartcmds.o(.ARM.exidx.text.DS3231_read_temp) refers (Special) to _printf_pad.o(.text) for _printf_pre_padding
    uartcmds.o(.ARM.exidx.text.DS3231_read_temp) refers to uartcmds.o(.text.DS3231_read_temp) for [Anonymous Symbol]
    uartcmds.o(.text.DS3231_set_time) refers (Special) to _printf_d.o(.ARM.Collect$$_printf_percent$$00000009) for _printf_d
    uartcmds.o(.text.DS3231_set_time) refers (Special) to _printf_dec.o(.text) for _printf_int_dec
    uartcmds.o(.text.DS3231_set_time) refers (Special) to _printf_percent.o(.ARM.Collect$$_printf_percent$$00000000) for _printf_percent
    uartcmds.o(.text.DS3231_set_time) refers (Special) to _printf_pad.o(.text) for _printf_pre_padding
    uartcmds.o(.text.DS3231_set_time) refers to uartcmds.o(.text.UART_show_syntax_error) for UART_show_syntax_error
    uartcmds.o(.ARM.exidx.text.DS3231_set_time) refers (Special) to _printf_d.o(.ARM.Collect$$_printf_percent$$00000009) for _printf_d
    uartcmds.o(.ARM.exidx.text.DS3231_set_time) refers (Special) to _printf_dec.o(.text) for _printf_int_dec
    uartcmds.o(.ARM.exidx.text.DS3231_set_time) refers (Special) to _printf_percent.o(.ARM.Collect$$_printf_percent$$00000000) for _printf_percent
    uartcmds.o(.ARM.exidx.text.DS3231_set_time) refers (Special) to _printf_pad.o(.text) for _printf_pre_padding
    uartcmds.o(.ARM.exidx.text.DS3231_set_time) refers to uartcmds.o(.text.DS3231_set_time) for [Anonymous Symbol]
    uartcmds.o(.text.DS3231_set_date) refers (Special) to _printf_d.o(.ARM.Collect$$_printf_percent$$00000009) for _printf_d
    uartcmds.o(.text.DS3231_set_date) refers (Special) to _printf_dec.o(.text) for _printf_int_dec
    uartcmds.o(.text.DS3231_set_date) refers (Special) to _printf_percent.o(.ARM.Collect$$_printf_percent$$00000000) for _printf_percent
    uartcmds.o(.text.DS3231_set_date) refers (Special) to _printf_pad.o(.text) for _printf_pre_padding
    uartcmds.o(.text.DS3231_set_date) refers to uart.o(.text.UART_TX) for UART_TX
    uartcmds.o(.ARM.exidx.text.DS3231_set_date) refers (Special) to _printf_d.o(.ARM.Collect$$_printf_percent$$00000009) for _printf_d
    uartcmds.o(.ARM.exidx.text.DS3231_set_date) refers (Special) to _printf_dec.o(.text) for _printf_int_dec
    uartcmds.o(.ARM.exidx.text.DS3231_set_date) refers (Special) to _printf_percent.o(.ARM.Collect$$_printf_percent$$00000000) for _printf_percent
    uartcmds.o(.ARM.exidx.text.DS3231_set_date) refers (Special) to _printf_pad.o(.text) for _printf_pre_padding
    uartcmds.o(.ARM.exidx.text.DS3231_set_date) refers to uartcmds.o(.text.DS3231_set_date) for [Anonymous Symbol]
    uartcmds.o(.text.DS3231_set_clk_out) refers (Special) to _printf_d.o(.ARM.Collect$$_printf_percent$$00000009) for _printf_d
    uartcmds.o(.text.DS3231_set_clk_out) refers (Special) to _printf_dec.o(.text) for _printf_int_dec
    uartcmds.o(.text.DS3231_set_clk_out) refers (Special) to _printf_percent.o(.ARM.Collect$$_printf_percent$$00000000) for _printf_percent
    uartcmds.o(.text.DS3231_set_clk_out) refers (Special) to _printf_pad.o(.text) for _printf_pre_padding
    uartcmds.o(.text.DS3231_set_clk_out) refers to uart.o(.text.UART_TX) for UART_TX
    uartcmds.o(.ARM.exidx.text.DS3231_set_clk_out) refers (Special) to _printf_d.o(.ARM.Collect$$_printf_percent$$00000009) for _printf_d
    uartcmds.o(.ARM.exidx.text.DS3231_set_clk_out) refers (Special) to _printf_dec.o(.text) for _printf_int_dec
    uartcmds.o(.ARM.exidx.text.DS3231_set_clk_out) refers (Special) to _printf_percent.o(.ARM.Collect$$_printf_percent$$00000000) for _printf_percent
    uartcmds.o(.ARM.exidx.text.DS3231_set_clk_out) refers (Special) to _printf_pad.o(.text) for _printf_pre_padding
    uartcmds.o(.ARM.exidx.text.DS3231_set_clk_out) refers to uartcmds.o(.text.DS3231_set_clk_out) for [Anonymous Symbol]
    uartcmds.o(.text.AT24C32_write_data) refers (Special) to _printf_d.o(.ARM.Collect$$_printf_percent$$00000009) for _printf_d
    uartcmds.o(.text.AT24C32_write_data) refers (Special) to _printf_dec.o(.text) for _printf_int_dec
    uartcmds.o(.text.AT24C32_write_data) refers (Special) to _printf_percent.o(.ARM.Collect$$_printf_percent$$00000000) for _printf_percent
    uartcmds.o(.text.AT24C32_write_data) refers (Special) to _printf_pad.o(.text) for _printf_pre_padding
    uartcmds.o(.text.AT24C32_write_data) refers to uart.o(.text.UART_TX) for UART_TX
    uartcmds.o(.ARM.exidx.text.AT24C32_write_data) refers (Special) to _printf_d.o(.ARM.Collect$$_printf_percent$$00000009) for _printf_d
    uartcmds.o(.ARM.exidx.text.AT24C32_write_data) refers (Special) to _printf_dec.o(.text) for _printf_int_dec
    uartcmds.o(.ARM.exidx.text.AT24C32_write_data) refers (Special) to _printf_percent.o(.ARM.Collect$$_printf_percent$$00000000) for _printf_percent
    uartcmds.o(.ARM.exidx.text.AT24C32_write_data) refers (Special) to _printf_pad.o(.text) for _printf_pre_padding
    uartcmds.o(.ARM.exidx.text.AT24C32_write_data) refers to uartcmds.o(.text.AT24C32_write_data) for [Anonymous Symbol]
    uartcmds.o(.text.AT24C32_read_data) refers (Special) to _printf_d.o(.ARM.Collect$$_printf_percent$$00000009) for _printf_d
    uartcmds.o(.text.AT24C32_read_data) refers (Special) to _printf_dec.o(.text) for _printf_int_dec
    uartcmds.o(.text.AT24C32_read_data) refers (Special) to _printf_percent.o(.ARM.Collect$$_printf_percent$$00000000) for _printf_percent
    uartcmds.o(.text.AT24C32_read_data) refers (Special) to _printf_pad.o(.text) for _printf_pre_padding
    uartcmds.o(.text.AT24C32_read_data) refers to uart.o(.text.UART_TX) for UART_TX
    uartcmds.o(.ARM.exidx.text.AT24C32_read_data) refers (Special) to _printf_d.o(.ARM.Collect$$_printf_percent$$00000009) for _printf_d
    uartcmds.o(.ARM.exidx.text.AT24C32_read_data) refers (Special) to _printf_dec.o(.text) for _printf_int_dec
    uartcmds.o(.ARM.exidx.text.AT24C32_read_data) refers (Special) to _printf_percent.o(.ARM.Collect$$_printf_percent$$00000000) for _printf_percent
    uartcmds.o(.ARM.exidx.text.AT24C32_read_data) refers (Special) to _printf_pad.o(.text) for _printf_pre_padding
    uartcmds.o(.ARM.exidx.text.AT24C32_read_data) refers to uartcmds.o(.text.AT24C32_read_data) for [Anonymous Symbol]
    uartcmds.o(.rodata.UART_func_count) refers (Special) to _printf_d.o(.ARM.Collect$$_printf_percent$$00000009) for _printf_d
    uartcmds.o(.rodata.UART_func_count) refers (Special) to _printf_dec.o(.text) for _printf_int_dec
    uartcmds.o(.rodata.UART_func_count) refers (Special) to _printf_percent.o(.ARM.Collect$$_printf_percent$$00000000) for _printf_percent
    uartcmds.o(.rodata.UART_func_count) refers (Special) to _printf_pad.o(.text) for _printf_pre_padding
    uartcmds.o(.rodata.str1.1) refers (Special) to _printf_d.o(.ARM.Collect$$_printf_percent$$00000009) for _printf_d
    uartcmds.o(.rodata.str1.1) refers (Special) to _printf_dec.o(.text) for _printf_int_dec
    uartcmds.o(.rodata.str1.1) refers (Special) to _printf_percent.o(.ARM.Collect$$_printf_percent$$00000000) for _printf_percent
    uartcmds.o(.rodata.str1.1) refers (Special) to _printf_pad.o(.text) for _printf_pre_padding
    uartcmds.o(.rodata.UART_func_list) refers (Special) to _printf_d.o(.ARM.Collect$$_printf_percent$$00000009) for _printf_d
    uartcmds.o(.rodata.UART_func_list) refers (Special) to _printf_dec.o(.text) for _printf_int_dec
    uartcmds.o(.rodata.UART_func_list) refers (Special) to _printf_percent.o(.ARM.Collect$$_printf_percent$$00000000) for _printf_percent
    uartcmds.o(.rodata.UART_func_list) refers (Special) to _printf_pad.o(.text) for _printf_pre_padding
    uartcmds.o(.rodata.UART_func_list) refers to uartcmds.o(.text.UART_send_help) for UART_send_help
    uartcmds.o(.rodata.UART_func_list) refers to uartcmds.o(.text.DS3231_read_time) for DS3231_read_time
    uartcmds.o(.rodata.UART_func_list) refers to uartcmds.o(.text.DS3231_read_date) for DS3231_read_date
    uartcmds.o(.rodata.UART_func_list) refers to uartcmds.o(.text.DS3231_read_temp) for DS3231_read_temp
    uartcmds.o(.rodata.UART_func_list) refers to uartcmds.o(.text.DS3231_set_time) for DS3231_set_time
    uartcmds.o(.rodata.UART_func_list) refers to uartcmds.o(.text.DS3231_set_date) for DS3231_set_date
    uartcmds.o(.rodata.UART_func_list) refers to uartcmds.o(.text.DS3231_set_clk_out) for DS3231_set_clk_out
    uartcmds.o(.rodata.UART_func_list) refers to uartcmds.o(.text.AT24C32_write_data) for AT24C32_write_data
    uartcmds.o(.rodata.UART_func_list) refers to uartcmds.o(.text.AT24C32_read_data) for AT24C32_read_data
    startup_stm32f407xx.o(STACK) refers (Special) to heapauxi.o(.text) for __use_two_region_memory
    startup_stm32f407xx.o(HEAP) refers (Special) to heapauxi.o(.text) for __use_two_region_memory
    startup_stm32f407xx.o(RESET) refers (Special) to heapauxi.o(.text) for __use_two_region_memory
    startup_stm32f407xx.o(RESET) refers to startup_stm32f407xx.o(STACK) for __initial_sp
    startup_stm32f407xx.o(RESET) refers to startup_stm32f407xx.o(.text) for Reset_Handler
    startup_stm32f407xx.o(RESET) refers to uart.o(.text.USART2_IRQHandler) for USART2_IRQHandler
    startup_stm32f407xx.o(.text) refers (Special) to heapauxi.o(.text) for __use_two_region_memory
    startup_stm32f407xx.o(.text) refers to system_stm32f4xx.o(.text.SystemInit) for SystemInit
    startup_stm32f407xx.o(.text) refers to __main.o(!!!main) for __main
    startup_stm32f407xx.o(.text) refers to startup_stm32f407xx.o(HEAP) for Heap_Mem
    startup_stm32f407xx.o(.text) refers to startup_stm32f407xx.o(STACK) for Stack_Mem
    system_stm32f4xx.o(.ARM.exidx.text.SystemInit) refers to system_stm32f4xx.o(.text.SystemInit) for [Anonymous Symbol]
    system_stm32f4xx.o(.text.SystemCoreClockUpdate) refers to system_stm32f4xx.o(.data.SystemCoreClock) for SystemCoreClock
    system_stm32f4xx.o(.text.SystemCoreClockUpdate) refers to system_stm32f4xx.o(.rodata.AHBPrescTable) for AHBPrescTable
    system_stm32f4xx.o(.ARM.exidx.text.SystemCoreClockUpdate) refers to system_stm32f4xx.o(.text.SystemCoreClockUpdate) for [Anonymous Symbol]
    __2sprintf.o(.text) refers to _printf_char_common.o(.text) for _printf_char_common
    __2sprintf.o(.text) refers to _sputc.o(.text) for _sputc
    noretval__2sprintf.o(.text) refers to _printf_char_common.o(.text) for _printf_char_common
    noretval__2sprintf.o(.text) refers to _sputc.o(.text) for _sputc
    __printf.o(.text) refers to _printf_percent.o(.ARM.Collect$$_printf_percent$$00000000) for _printf_percent
    _printf_dec.o(.text) refers to _printf_intcommon.o(.text) for _printf_int_common
    __printf_flags.o(.text) refers to _printf_percent.o(.ARM.Collect$$_printf_percent$$00000000) for _printf_percent
    __printf_flags.o(.text) refers to __printf_flags.o(.constdata) for .constdata
    __printf_ss.o(.text) refers to _printf_percent.o(.ARM.Collect$$_printf_percent$$00000000) for _printf_percent
    __printf_flags_ss.o(.text) refers to _printf_percent.o(.ARM.Collect$$_printf_percent$$00000000) for _printf_percent
    __printf_flags_ss.o(.text) refers to __printf_flags_ss.o(.constdata) for .constdata
    __printf_wp.o(.text) refers to __printf_wp.o(i._is_digit) for _is_digit
    __printf_wp.o(.text) refers to _printf_percent.o(.ARM.Collect$$_printf_percent$$00000000) for _printf_percent
    __printf_flags_wp.o(.text) refers to __printf_wp.o(i._is_digit) for _is_digit
    __printf_flags_wp.o(.text) refers to _printf_percent.o(.ARM.Collect$$_printf_percent$$00000000) for _printf_percent
    __printf_flags_wp.o(.text) refers to __printf_flags_wp.o(.constdata) for .constdata
    __printf_ss_wp.o(.text) refers to __printf_wp.o(i._is_digit) for _is_digit
    __printf_ss_wp.o(.text) refers to _printf_percent.o(.ARM.Collect$$_printf_percent$$00000000) for _printf_percent
    __printf_flags_ss_wp.o(.text) refers to __printf_wp.o(i._is_digit) for _is_digit
    __printf_flags_ss_wp.o(.text) refers to _printf_percent.o(.ARM.Collect$$_printf_percent$$00000000) for _printf_percent
    __printf_flags_ss_wp.o(.text) refers to __printf_flags_ss_wp.o(.constdata) for .constdata
    _printf_d.o(.ARM.Collect$$_printf_percent$$00000009) refers (Weak) to _printf_dec.o(.text) for _printf_int_dec
    _printf_percent.o(.ARM.Collect$$_printf_percent$$00000000) refers (Special) to _printf_percent_end.o(.ARM.Collect$$_printf_percent$$00000017) for _printf_percent_end
    rt_memclr.o(.text) refers to rt_memclr_w.o(.text) for _memset_w
    __main.o(!!!main) refers to __rtentry.o(.ARM.Collect$$rtentry$$00000000) for __rt_entry
    __rtentry.o(.ARM.Collect$$rtentry$$00000000) refers (Special) to __rtentry2.o(.ARM.Collect$$rtentry$$0000000A) for __rt_entry_li
    __rtentry.o(.ARM.Collect$$rtentry$$00000000) refers (Special) to __rtentry2.o(.ARM.Collect$$rtentry$$0000000D) for __rt_entry_main
    __rtentry.o(.ARM.Collect$$rtentry$$00000000) refers (Special) to __rtentry2.o(.ARM.Collect$$rtentry$$0000000C) for __rt_entry_postli_1
    __rtentry.o(.ARM.Collect$$rtentry$$00000000) refers (Special) to __rtentry2.o(.ARM.Collect$$rtentry$$00000009) for __rt_entry_postsh_1
    __rtentry.o(.ARM.Collect$$rtentry$$00000000) refers (Special) to __rtentry2.o(.ARM.Collect$$rtentry$$00000002) for __rt_entry_presh_1
    __rtentry.o(.ARM.Collect$$rtentry$$00000000) refers (Special) to __rtentry4.o(.ARM.Collect$$rtentry$$00000004) for __rt_entry_sh
    _printf_intcommon.o(.text) refers (Weak) to _printf_pad.o(.text) for _printf_pre_padding
    _printf_intcommon.o(.text) refers (Weak) to _printf_pad.o(.text) for _printf_pre_padding
    _printf_intcommon.o(.text) refers (Weak) to _printf_pad.o(.text) for _printf_post_padding
    _printf_char_common.o(.text) refers to __printf_flags_wp.o(.text) for __printf
    __rtentry2.o(.ARM.Collect$$rtentry$$00000008) refers to boardinit2.o(.text) for _platform_post_stackheap_init
    __rtentry2.o(.ARM.Collect$$rtentry$$0000000A) refers to libinit.o(.ARM.Collect$$libinit$$00000000) for __rt_lib_init
    __rtentry2.o(.ARM.Collect$$rtentry$$0000000B) refers to boardinit3.o(.text) for _platform_post_lib_init
    __rtentry2.o(.ARM.Collect$$rtentry$$0000000D) refers to main.o(.text.main) for main
    __rtentry2.o(.ARM.Collect$$rtentry$$0000000D) refers to exit.o(.text) for exit
    __rtentry2.o(.ARM.exidx) refers to __rtentry2.o(.ARM.Collect$$rtentry$$00000001) for .ARM.Collect$$rtentry$$00000001
    __rtentry2.o(.ARM.exidx) refers to __rtentry2.o(.ARM.Collect$$rtentry$$00000008) for .ARM.Collect$$rtentry$$00000008
    __rtentry2.o(.ARM.exidx) refers to __rtentry2.o(.ARM.Collect$$rtentry$$0000000A) for .ARM.Collect$$rtentry$$0000000A
    __rtentry2.o(.ARM.exidx) refers to __rtentry2.o(.ARM.Collect$$rtentry$$0000000B) for .ARM.Collect$$rtentry$$0000000B
    __rtentry2.o(.ARM.exidx) refers to __rtentry2.o(.ARM.Collect$$rtentry$$0000000D) for .ARM.Collect$$rtentry$$0000000D
    __rtentry4.o(.ARM.Collect$$rtentry$$00000004) refers to sys_stackheap_outer.o(.text) for __user_setup_stackheap
    __rtentry4.o(.ARM.exidx) refers to __rtentry4.o(.ARM.Collect$$rtentry$$00000004) for .ARM.Collect$$rtentry$$00000004
    sys_stackheap_outer.o(.text) refers to libspace.o(.text) for __user_perproc_libspace
    sys_stackheap_outer.o(.text) refers to startup_stm32f407xx.o(.text) for __user_initial_stackheap
    exit.o(.text) refers to rtexit.o(.ARM.Collect$$rtexit$$00000000) for __rt_exit
    libinit.o(.ARM.Collect$$libinit$$00000000) refers (Special) to libinit2.o(.ARM.Collect$$libinit$$0000002E) for __rt_lib_init_alloca_1
    libinit.o(.ARM.Collect$$libinit$$00000000) refers (Special) to libinit2.o(.ARM.Collect$$libinit$$0000002C) for __rt_lib_init_argv_1
    libinit.o(.ARM.Collect$$libinit$$00000000) refers (Special) to libinit2.o(.ARM.Collect$$libinit$$0000001B) for __rt_lib_init_atexit_1
    libinit.o(.ARM.Collect$$libinit$$00000000) refers (Special) to libinit2.o(.ARM.Collect$$libinit$$00000021) for __rt_lib_init_clock_1
    libinit.o(.ARM.Collect$$libinit$$00000000) refers (Special) to libinit2.o(.ARM.Collect$$libinit$$00000032) for __rt_lib_init_cpp_1
    libinit.o(.ARM.Collect$$libinit$$00000000) refers (Special) to libinit2.o(.ARM.Collect$$libinit$$00000030) for __rt_lib_init_exceptions_1
    libinit.o(.ARM.Collect$$libinit$$00000000) refers (Special) to libinit2.o(.ARM.Collect$$libinit$$00000001) for __rt_lib_init_fp_1
    libinit.o(.ARM.Collect$$libinit$$00000000) refers (Special) to libinit2.o(.ARM.Collect$$libinit$$0000001F) for __rt_lib_init_fp_trap_1
    libinit.o(.ARM.Collect$$libinit$$00000000) refers (Special) to libinit2.o(.ARM.Collect$$libinit$$00000023) for __rt_lib_init_getenv_1
    libinit.o(.ARM.Collect$$libinit$$00000000) refers (Special) to libinit2.o(.ARM.Collect$$libinit$$0000000A) for __rt_lib_init_heap_1
    libinit.o(.ARM.Collect$$libinit$$00000000) refers (Special) to libinit2.o(.ARM.Collect$$libinit$$00000011) for __rt_lib_init_lc_collate_1
    libinit.o(.ARM.Collect$$libinit$$00000000) refers (Special) to libinit2.o(.ARM.Collect$$libinit$$00000013) for __rt_lib_init_lc_ctype_1
    libinit.o(.ARM.Collect$$libinit$$00000000) refers (Special) to libinit2.o(.ARM.Collect$$libinit$$00000015) for __rt_lib_init_lc_monetary_1
    libinit.o(.ARM.Collect$$libinit$$00000000) refers (Special) to libinit2.o(.ARM.Collect$$libinit$$00000017) for __rt_lib_init_lc_numeric_1
    libinit.o(.ARM.Collect$$libinit$$00000000) refers (Special) to libinit2.o(.ARM.Collect$$libinit$$00000019) for __rt_lib_init_lc_time_1
    libinit.o(.ARM.Collect$$libinit$$00000000) refers (Special) to libinit2.o(.ARM.Collect$$libinit$$00000004) for __rt_lib_init_preinit_1
    libinit.o(.ARM.Collect$$libinit$$00000000) refers (Special) to libinit2.o(.ARM.Collect$$libinit$$0000000E) for __rt_lib_init_rand_1
    libinit.o(.ARM.Collect$$libinit$$00000000) refers (Special) to libinit2.o(.ARM.Collect$$libinit$$00000033) for __rt_lib_init_return
    libinit.o(.ARM.Collect$$libinit$$00000000) refers (Special) to libinit2.o(.ARM.Collect$$libinit$$0000001D) for __rt_lib_init_signal_1
    libinit.o(.ARM.Collect$$libinit$$00000000) refers (Special) to libinit2.o(.ARM.Collect$$libinit$$00000025) for __rt_lib_init_stdio_1
    libinit.o(.ARM.Collect$$libinit$$00000000) refers (Special) to libinit2.o(.ARM.Collect$$libinit$$0000000C) for __rt_lib_init_user_alloc_1
    libspace.o(.text) refers to libspace.o(.bss) for __libspace_start
    rtexit.o(.ARM.Collect$$rtexit$$00000000) refers (Special) to rtexit2.o(.ARM.Collect$$rtexit$$00000004) for __rt_exit_exit
    rtexit.o(.ARM.Collect$$rtexit$$00000000) refers (Special) to rtexit2.o(.ARM.Collect$$rtexit$$00000003) for __rt_exit_ls
    rtexit.o(.ARM.Collect$$rtexit$$00000000) refers (Special) to rtexit2.o(.ARM.Collect$$rtexit$$00000002) for __rt_exit_prels_1
    rtexit.o(.ARM.exidx) refers (Special) to rtexit2.o(.ARM.Collect$$rtexit$$00000004) for __rt_exit_exit
    rtexit.o(.ARM.exidx) refers (Special) to rtexit2.o(.ARM.Collect$$rtexit$$00000003) for __rt_exit_ls
    rtexit.o(.ARM.exidx) refers (Special) to rtexit2.o(.ARM.Collect$$rtexit$$00000002) for __rt_exit_prels_1
    rtexit.o(.ARM.exidx) refers to rtexit.o(.ARM.Collect$$rtexit$$00000000) for .ARM.Collect$$rtexit$$00000000
    libinit2.o(.ARM.Collect$$libinit$$00000001) refers to fpinit.o(x$fpl$fpinit) for _fp_init
    libinit2.o(.ARM.Collect$$libinit$$00000010) refers to libinit2.o(.ARM.Collect$$libinit$$0000000F) for .ARM.Collect$$libinit$$0000000F
    libinit2.o(.ARM.Collect$$libinit$$00000012) refers to libinit2.o(.ARM.Collect$$libinit$$0000000F) for .ARM.Collect$$libinit$$0000000F
    libinit2.o(.ARM.Collect$$libinit$$00000014) refers to libinit2.o(.ARM.Collect$$libinit$$0000000F) for .ARM.Collect$$libinit$$0000000F
    libinit2.o(.ARM.Collect$$libinit$$00000016) refers to libinit2.o(.ARM.Collect$$libinit$$0000000F) for .ARM.Collect$$libinit$$0000000F
    libinit2.o(.ARM.Collect$$libinit$$00000018) refers to libinit2.o(.ARM.Collect$$libinit$$0000000F) for .ARM.Collect$$libinit$$0000000F
    libinit2.o(.ARM.Collect$$libinit$$00000026) refers to argv_veneer.o(.emb_text) for __ARM_argv_veneer
    libinit2.o(.ARM.Collect$$libinit$$00000027) refers to argv_veneer.o(.emb_text) for __ARM_argv_veneer
    rtexit2.o(.ARM.Collect$$rtexit$$00000003) refers to libshutdown.o(.ARM.Collect$$libshutdown$$00000000) for __rt_lib_shutdown
    rtexit2.o(.ARM.Collect$$rtexit$$00000004) refers to sys_exit.o(.text) for _sys_exit
    rtexit2.o(.ARM.exidx) refers to rtexit2.o(.ARM.Collect$$rtexit$$00000001) for .ARM.Collect$$rtexit$$00000001
    rtexit2.o(.ARM.exidx) refers to rtexit2.o(.ARM.Collect$$rtexit$$00000003) for .ARM.Collect$$rtexit$$00000003
    rtexit2.o(.ARM.exidx) refers to rtexit2.o(.ARM.Collect$$rtexit$$00000004) for .ARM.Collect$$rtexit$$00000004
    argv_veneer.o(.emb_text) refers to no_argv.o(.text) for __ARM_get_argv
    sys_exit.o(.text) refers (Special) to use_no_semi.o(.text) for __I$use$semihosting
    sys_exit.o(.text) refers (Special) to indicate_semi.o(.text) for __semihosting_library_function
    sys_exit_hlt.o(.text) refers (Special) to use_no_semi.o(.text) for __I$use$semihosting
    sys_exit_hlt.o(.text) refers (Special) to indicate_semi.o(.text) for __semihosting_library_function
    _get_argv_nomalloc.o(.text) refers (Special) to hrguard.o(.text) for __heap_region$guard
    _get_argv_nomalloc.o(.text) refers to defsig_rtmem_outer.o(.text) for __rt_SIGRTMEM
    _get_argv_nomalloc.o(.text) refers to sys_command.o(.text) for _sys_command_string
    libshutdown.o(.ARM.Collect$$libshutdown$$00000000) refers (Special) to libshutdown2.o(.ARM.Collect$$libshutdown$$00000002) for __rt_lib_shutdown_cpp_1
    libshutdown.o(.ARM.Collect$$libshutdown$$00000000) refers (Special) to libshutdown2.o(.ARM.Collect$$libshutdown$$00000007) for __rt_lib_shutdown_fp_trap_1
    libshutdown.o(.ARM.Collect$$libshutdown$$00000000) refers (Special) to libshutdown2.o(.ARM.Collect$$libshutdown$$0000000F) for __rt_lib_shutdown_heap_1
    libshutdown.o(.ARM.Collect$$libshutdown$$00000000) refers (Special) to libshutdown2.o(.ARM.Collect$$libshutdown$$00000010) for __rt_lib_shutdown_return
    libshutdown.o(.ARM.Collect$$libshutdown$$00000000) refers (Special) to libshutdown2.o(.ARM.Collect$$libshutdown$$0000000A) for __rt_lib_shutdown_signal_1
    libshutdown.o(.ARM.Collect$$libshutdown$$00000000) refers (Special) to libshutdown2.o(.ARM.Collect$$libshutdown$$00000004) for __rt_lib_shutdown_stdio_1
    libshutdown.o(.ARM.Collect$$libshutdown$$00000000) refers (Special) to libshutdown2.o(.ARM.Collect$$libshutdown$$0000000C) for __rt_lib_shutdown_user_alloc_1
    sys_command.o(.text) refers (Special) to use_no_semi.o(.text) for __I$use$semihosting
    sys_command.o(.text) refers (Special) to indicate_semi.o(.text) for __semihosting_library_function
    sys_command_hlt.o(.text) refers (Special) to use_no_semi.o(.text) for __I$use$semihosting
    sys_command_hlt.o(.text) refers (Special) to indicate_semi.o(.text) for __semihosting_library_function
    defsig_rtmem_outer.o(.text) refers to defsig_rtmem_inner.o(.text) for __rt_SIGRTMEM_inner
    defsig_rtmem_outer.o(.text) refers to defsig_exit.o(.text) for __sig_exit
    defsig_rtmem_formal.o(.text) refers to rt_raise.o(.text) for __rt_raise
    rt_raise.o(.text) refers to __raise.o(.text) for __raise
    rt_raise.o(.text) refers to sys_exit.o(.text) for _sys_exit
    defsig_exit.o(.text) refers to sys_exit.o(.text) for _sys_exit
    defsig_rtmem_inner.o(.text) refers to defsig_general.o(.text) for __default_signal_display
    __raise.o(.text) refers to defsig.o(CL$$defsig) for __default_signal_handler
    defsig_general.o(.text) refers to sys_wrch.o(.text) for _ttywrch
    sys_wrch.o(.text) refers (Special) to use_no_semi.o(.text) for __I$use$semihosting
    sys_wrch.o(.text) refers (Special) to indicate_semi.o(.text) for __semihosting_library_function
    sys_wrch_hlt.o(.text) refers (Special) to use_no_semi.o(.text) for __I$use$semihosting
    sys_wrch_hlt.o(.text) refers (Special) to indicate_semi.o(.text) for __semihosting_library_function
    defsig.o(CL$$defsig) refers to defsig_rtmem_inner.o(.text) for __rt_SIGRTMEM_inner
    defsig_abrt_inner.o(.text) refers to defsig_general.o(.text) for __default_signal_display
    defsig_fpe_inner.o(.text) refers to defsig_general.o(.text) for __default_signal_display
    defsig_rtred_inner.o(.text) refers to defsig_general.o(.text) for __default_signal_display
    defsig_stak_inner.o(.text) refers to defsig_general.o(.text) for __default_signal_display
    defsig_pvfn_inner.o(.text) refers to defsig_general.o(.text) for __default_signal_display
    defsig_cppl_inner.o(.text) refers to defsig_general.o(.text) for __default_signal_display
    defsig_segv_inner.o(.text) refers to defsig_general.o(.text) for __default_signal_display
    defsig_other.o(.text) refers to defsig_general.o(.text) for __default_signal_display


==============================================================================

Removing Unused input sections from the image.

    Removing main.o(.text), (0 bytes).
    Removing main.o(.ARM.exidx.text.main), (8 bytes).
    Removing main.o(.ARM.use_no_argv), (4 bytes).
    Removing uart.o(.text), (0 bytes).
    Removing uart.o(.ARM.exidx.text.UART_Init), (8 bytes).
    Removing uart.o(.ARM.exidx.text.UART_TX), (8 bytes).
    Removing uart.o(.ARM.exidx.text.USART2_IRQHandler), (8 bytes).
    Removing i2c.o(.text), (0 bytes).
    Removing i2c.o(.ARM.exidx.text.I2C_Init), (8 bytes).
    Removing i2c.o(.ARM.exidx.text.I2C_Write), (8 bytes).
    Removing i2c.o(.ARM.exidx.text.I2C_Read), (8 bytes).
    Removing uartcmds.o(.text), (0 bytes).
    Removing uartcmds.o(.ARM.exidx.text.UART_show_syntax_error), (8 bytes).
    Removing uartcmds.o(.ARM.exidx.text.UART_parse_cmd), (8 bytes).
    Removing uartcmds.o(.ARM.exidx.text.UART_send_help), (8 bytes).
    Removing uartcmds.o(.ARM.exidx.text.DS3231_read_time), (8 bytes).
    Removing uartcmds.o(.ARM.exidx.text.DS3231_read_date), (8 bytes).
    Removing uartcmds.o(.ARM.exidx.text.DS3231_read_temp), (8 bytes).
    Removing uartcmds.o(.ARM.exidx.text.DS3231_set_time), (8 bytes).
    Removing uartcmds.o(.ARM.exidx.text.DS3231_set_date), (8 bytes).
    Removing uartcmds.o(.ARM.exidx.text.DS3231_set_clk_out), (8 bytes).
    Removing uartcmds.o(.ARM.exidx.text.AT24C32_write_data), (8 bytes).
    Removing uartcmds.o(.ARM.exidx.text.AT24C32_read_data), (8 bytes).
    Removing uartcmds.o(.rodata.UART_func_count), (1 bytes).
    Removing system_stm32f4xx.o(.text), (0 bytes).
    Removing system_stm32f4xx.o(.ARM.exidx.text.SystemInit), (8 bytes).
    Removing system_stm32f4xx.o(.text.SystemCoreClockUpdate), (108 bytes).
    Removing system_stm32f4xx.o(.ARM.exidx.text.SystemCoreClockUpdate), (8 bytes).
    Removing system_stm32f4xx.o(.data.SystemCoreClock), (4 bytes).
    Removing system_stm32f4xx.o(.rodata.AHBPrescTable), (16 bytes).
    Removing system_stm32f4xx.o(.rodata.APBPrescTable), (8 bytes).

31 unused section(s) (total 301 bytes) removed from the image.

==============================================================================

Image Symbol Table

    Local Symbols

    Symbol Name                              Value     Ov Type        Size  Object(Section)

    ../clib/angel/boardlib.s                 0x00000000   Number         0  boardinit1.o ABSOLUTE
    ../clib/angel/boardlib.s                 0x00000000   Number         0  boardinit2.o ABSOLUTE
    ../clib/angel/boardlib.s                 0x00000000   Number         0  boardinit3.o ABSOLUTE
    ../clib/angel/boardlib.s                 0x00000000   Number         0  boardshut.o ABSOLUTE
    ../clib/angel/handlers.s                 0x00000000   Number         0  __scatter_zi.o ABSOLUTE
    ../clib/angel/kernel.s                   0x00000000   Number         0  __rtentry.o ABSOLUTE
    ../clib/angel/kernel.s                   0x00000000   Number         0  __rtentry2.o ABSOLUTE
    ../clib/angel/kernel.s                   0x00000000   Number         0  __rtentry4.o ABSOLUTE
    ../clib/angel/kernel.s                   0x00000000   Number         0  rtexit.o ABSOLUTE
    ../clib/angel/kernel.s                   0x00000000   Number         0  rtexit2.o ABSOLUTE
    ../clib/angel/rt.s                       0x00000000   Number         0  rt_raise.o ABSOLUTE
    ../clib/angel/scatter.s                  0x00000000   Number         0  __scatter.o ABSOLUTE
    ../clib/angel/startup.s                  0x00000000   Number         0  __main.o ABSOLUTE
    ../clib/angel/sys.s                      0x00000000   Number         0  sys_stackheap_outer.o ABSOLUTE
    ../clib/angel/sys.s                      0x00000000   Number         0  libspace.o ABSOLUTE
    ../clib/angel/sys.s                      0x00000000   Number         0  use_no_semi.o ABSOLUTE
    ../clib/angel/sys.s                      0x00000000   Number         0  indicate_semi.o ABSOLUTE
    ../clib/angel/sysapp.c                   0x00000000   Number         0  sys_exit.o ABSOLUTE
    ../clib/angel/sysapp.c                   0x00000000   Number         0  sys_exit_hlt.o ABSOLUTE
    ../clib/angel/sysapp.c                   0x00000000   Number         0  sys_command.o ABSOLUTE
    ../clib/angel/sysapp.c                   0x00000000   Number         0  sys_command_hlt.o ABSOLUTE
    ../clib/angel/sysapp.c                   0x00000000   Number         0  sys_wrch.o ABSOLUTE
    ../clib/angel/sysapp.c                   0x00000000   Number         0  sys_wrch_hlt.o ABSOLUTE
    ../clib/armsys.c                         0x00000000   Number         0  argv_veneer.o ABSOLUTE
    ../clib/armsys.c                         0x00000000   Number         0  argv_veneer.o ABSOLUTE
    ../clib/armsys.c                         0x00000000   Number         0  _get_argv_nomalloc.o ABSOLUTE
    ../clib/armsys.c                         0x00000000   Number         0  no_argv.o ABSOLUTE
    ../clib/heapalloc.c                      0x00000000   Number         0  hrguard.o ABSOLUTE
    ../clib/heapaux.c                        0x00000000   Number         0  heapauxi.o ABSOLUTE
    ../clib/libinit.s                        0x00000000   Number         0  libinit.o ABSOLUTE
    ../clib/libinit.s                        0x00000000   Number         0  libinit2.o ABSOLUTE
    ../clib/libinit.s                        0x00000000   Number         0  libshutdown.o ABSOLUTE
    ../clib/libinit.s                        0x00000000   Number         0  libshutdown2.o ABSOLUTE
    ../clib/memcpset.s                       0x00000000   Number         0  rt_memclr.o ABSOLUTE
    ../clib/memcpset.s                       0x00000000   Number         0  strcmpv7em.o ABSOLUTE
    ../clib/memcpset.s                       0x00000000   Number         0  rt_memclr_w.o ABSOLUTE
    ../clib/misc.s                           0x00000000   Number         0  printf_stubs.o ABSOLUTE
    ../clib/printf.c                         0x00000000   Number         0  __2sprintf.o ABSOLUTE
    ../clib/printf.c                         0x00000000   Number         0  noretval__2sprintf.o ABSOLUTE
    ../clib/printf.c                         0x00000000   Number         0  __printf.o ABSOLUTE
    ../clib/printf.c                         0x00000000   Number         0  _printf_pad.o ABSOLUTE
    ../clib/printf.c                         0x00000000   Number         0  _printf_dec.o ABSOLUTE
    ../clib/printf.c                         0x00000000   Number         0  __printf_flags.o ABSOLUTE
    ../clib/printf.c                         0x00000000   Number         0  __printf_ss.o ABSOLUTE
    ../clib/printf.c                         0x00000000   Number         0  __printf_flags_ss.o ABSOLUTE
    ../clib/printf.c                         0x00000000   Number         0  __printf_wp.o ABSOLUTE
    ../clib/printf.c                         0x00000000   Number         0  __printf_flags_wp.o ABSOLUTE
    ../clib/printf.c                         0x00000000   Number         0  __printf_ss_wp.o ABSOLUTE
    ../clib/printf.c                         0x00000000   Number         0  __printf_flags_ss_wp.o ABSOLUTE
    ../clib/printf.c                         0x00000000   Number         0  _printf_intcommon.o ABSOLUTE
    ../clib/printf.c                         0x00000000   Number         0  _printf_char_common.o ABSOLUTE
    ../clib/printf.c                         0x00000000   Number         0  _sputc.o ABSOLUTE
    ../clib/printf.c                         0x00000000   Number         0  __printf_nopercent.o ABSOLUTE
    ../clib/printf_percent.s                 0x00000000   Number         0  _printf_d.o ABSOLUTE
    ../clib/printf_percent.s                 0x00000000   Number         0  _printf_percent.o ABSOLUTE
    ../clib/printf_percent.s                 0x00000000   Number         0  _printf_percent_end.o ABSOLUTE
    ../clib/signal.c                         0x00000000   Number         0  defsig_rtmem_outer.o ABSOLUTE
    ../clib/signal.c                         0x00000000   Number         0  defsig_rtmem_formal.o ABSOLUTE
    ../clib/signal.c                         0x00000000   Number         0  defsig_exit.o ABSOLUTE
    ../clib/signal.c                         0x00000000   Number         0  defsig_rtmem_inner.o ABSOLUTE
    ../clib/signal.c                         0x00000000   Number         0  __raise.o ABSOLUTE
    ../clib/signal.c                         0x00000000   Number         0  defsig_general.o ABSOLUTE
    ../clib/signal.c                         0x00000000   Number         0  defsig_abrt_inner.o ABSOLUTE
    ../clib/signal.c                         0x00000000   Number         0  defsig_fpe_inner.o ABSOLUTE
    ../clib/signal.c                         0x00000000   Number         0  defsig_rtred_inner.o ABSOLUTE
    ../clib/signal.c                         0x00000000   Number         0  defsig_stak_inner.o ABSOLUTE
    ../clib/signal.c                         0x00000000   Number         0  defsig_pvfn_inner.o ABSOLUTE
    ../clib/signal.c                         0x00000000   Number         0  defsig_cppl_inner.o ABSOLUTE
    ../clib/signal.c                         0x00000000   Number         0  defsig_segv_inner.o ABSOLUTE
    ../clib/signal.c                         0x00000000   Number         0  defsig_other.o ABSOLUTE
    ../clib/signal.s                         0x00000000   Number         0  defsig.o ABSOLUTE
    ../clib/stdlib.c                         0x00000000   Number         0  exit.o ABSOLUTE
    ../fplib/fpinit.s                        0x00000000   Number         0  fpinit.o ABSOLUTE
    RTE\Device\STM32F407VGTx\startup_stm32f407xx.s 0x00000000   Number         0  startup_stm32f407xx.o ABSOLUTE
    dc.s                                     0x00000000   Number         0  dc.o ABSOLUTE
    i2c.c                                    0x00000000   Number         0  i2c.o ABSOLUTE
    main.c                                   0x00000000   Number         0  main.o ABSOLUTE
    system_stm32f4xx.c                       0x00000000   Number         0  system_stm32f4xx.o ABSOLUTE
    uart.c                                   0x00000000   Number         0  uart.o ABSOLUTE
    uartcmds.c                               0x00000000   Number         0  uartcmds.o ABSOLUTE
    RESET                                    0x08000000   Section      392  startup_stm32f407xx.o(RESET)
    !!!main                                  0x08000188   Section        8  __main.o(!!!main)
    !!!scatter                               0x08000190   Section       52  __scatter.o(!!!scatter)
    !!handler_zi                             0x080001c4   Section       28  __scatter_zi.o(!!handler_zi)
    .ARM.Collect$$_printf_percent$$00000000  0x080001e0   Section        0  _printf_percent.o(.ARM.Collect$$_printf_percent$$00000000)
    .ARM.Collect$$_printf_percent$$00000009  0x080001e0   Section        6  _printf_d.o(.ARM.Collect$$_printf_percent$$00000009)
    .ARM.Collect$$_printf_percent$$00000017  0x080001e6   Section        4  _printf_percent_end.o(.ARM.Collect$$_printf_percent$$00000017)
    .ARM.Collect$$libinit$$00000000          0x080001ea   Section        2  libinit.o(.ARM.Collect$$libinit$$00000000)
    .ARM.Collect$$libinit$$00000001          0x080001ec   Section        4  libinit2.o(.ARM.Collect$$libinit$$00000001)
    .ARM.Collect$$libinit$$00000004          0x080001f0   Section        0  libinit2.o(.ARM.Collect$$libinit$$00000004)
    .ARM.Collect$$libinit$$0000000A          0x080001f0   Section        0  libinit2.o(.ARM.Collect$$libinit$$0000000A)
    .ARM.Collect$$libinit$$0000000C          0x080001f0   Section        0  libinit2.o(.ARM.Collect$$libinit$$0000000C)
    .ARM.Collect$$libinit$$0000000E          0x080001f0   Section        0  libinit2.o(.ARM.Collect$$libinit$$0000000E)
    .ARM.Collect$$libinit$$00000011          0x080001f0   Section        0  libinit2.o(.ARM.Collect$$libinit$$00000011)
    .ARM.Collect$$libinit$$00000013          0x080001f0   Section        0  libinit2.o(.ARM.Collect$$libinit$$00000013)
    .ARM.Collect$$libinit$$00000015          0x080001f0   Section        0  libinit2.o(.ARM.Collect$$libinit$$00000015)
    .ARM.Collect$$libinit$$00000017          0x080001f0   Section        0  libinit2.o(.ARM.Collect$$libinit$$00000017)
    .ARM.Collect$$libinit$$00000019          0x080001f0   Section        0  libinit2.o(.ARM.Collect$$libinit$$00000019)
    .ARM.Collect$$libinit$$0000001B          0x080001f0   Section        0  libinit2.o(.ARM.Collect$$libinit$$0000001B)
    .ARM.Collect$$libinit$$0000001D          0x080001f0   Section        0  libinit2.o(.ARM.Collect$$libinit$$0000001D)
    .ARM.Collect$$libinit$$0000001F          0x080001f0   Section        0  libinit2.o(.ARM.Collect$$libinit$$0000001F)
    .ARM.Collect$$libinit$$00000021          0x080001f0   Section        0  libinit2.o(.ARM.Collect$$libinit$$00000021)
    .ARM.Collect$$libinit$$00000023          0x080001f0   Section        0  libinit2.o(.ARM.Collect$$libinit$$00000023)
    .ARM.Collect$$libinit$$00000025          0x080001f0   Section        0  libinit2.o(.ARM.Collect$$libinit$$00000025)
    .ARM.Collect$$libinit$$0000002C          0x080001f0   Section        0  libinit2.o(.ARM.Collect$$libinit$$0000002C)
    .ARM.Collect$$libinit$$0000002E          0x080001f0   Section        0  libinit2.o(.ARM.Collect$$libinit$$0000002E)
    .ARM.Collect$$libinit$$00000030          0x080001f0   Section        0  libinit2.o(.ARM.Collect$$libinit$$00000030)
    .ARM.Collect$$libinit$$00000032          0x080001f0   Section        0  libinit2.o(.ARM.Collect$$libinit$$00000032)
    .ARM.Collect$$libinit$$00000033          0x080001f0   Section        2  libinit2.o(.ARM.Collect$$libinit$$00000033)
    .ARM.Collect$$libshutdown$$00000000      0x080001f2   Section        2  libshutdown.o(.ARM.Collect$$libshutdown$$00000000)
    .ARM.Collect$$libshutdown$$00000002      0x080001f4   Section        0  libshutdown2.o(.ARM.Collect$$libshutdown$$00000002)
    .ARM.Collect$$libshutdown$$00000004      0x080001f4   Section        0  libshutdown2.o(.ARM.Collect$$libshutdown$$00000004)
    .ARM.Collect$$libshutdown$$00000007      0x080001f4   Section        0  libshutdown2.o(.ARM.Collect$$libshutdown$$00000007)
    .ARM.Collect$$libshutdown$$0000000A      0x080001f4   Section        0  libshutdown2.o(.ARM.Collect$$libshutdown$$0000000A)
    .ARM.Collect$$libshutdown$$0000000C      0x080001f4   Section        0  libshutdown2.o(.ARM.Collect$$libshutdown$$0000000C)
    .ARM.Collect$$libshutdown$$0000000F      0x080001f4   Section        0  libshutdown2.o(.ARM.Collect$$libshutdown$$0000000F)
    .ARM.Collect$$libshutdown$$00000010      0x080001f4   Section        2  libshutdown2.o(.ARM.Collect$$libshutdown$$00000010)
    .ARM.Collect$$rtentry$$00000000          0x080001f6   Section        0  __rtentry.o(.ARM.Collect$$rtentry$$00000000)
    .ARM.Collect$$rtentry$$00000002          0x080001f6   Section        0  __rtentry2.o(.ARM.Collect$$rtentry$$00000002)
    .ARM.Collect$$rtentry$$00000004          0x080001f6   Section        6  __rtentry4.o(.ARM.Collect$$rtentry$$00000004)
    .ARM.Collect$$rtentry$$00000009          0x080001fc   Section        0  __rtentry2.o(.ARM.Collect$$rtentry$$00000009)
    .ARM.Collect$$rtentry$$0000000A          0x080001fc   Section        4  __rtentry2.o(.ARM.Collect$$rtentry$$0000000A)
    .ARM.Collect$$rtentry$$0000000C          0x08000200   Section        0  __rtentry2.o(.ARM.Collect$$rtentry$$0000000C)
    .ARM.Collect$$rtentry$$0000000D          0x08000200   Section        8  __rtentry2.o(.ARM.Collect$$rtentry$$0000000D)
    .ARM.Collect$$rtexit$$00000000           0x08000208   Section        2  rtexit.o(.ARM.Collect$$rtexit$$00000000)
    .ARM.Collect$$rtexit$$00000002           0x0800020a   Section        0  rtexit2.o(.ARM.Collect$$rtexit$$00000002)
    .ARM.Collect$$rtexit$$00000003           0x0800020a   Section        4  rtexit2.o(.ARM.Collect$$rtexit$$00000003)
    .ARM.Collect$$rtexit$$00000004           0x0800020e   Section        6  rtexit2.o(.ARM.Collect$$rtexit$$00000004)
    $v0                                      0x08000214   Number         0  startup_stm32f407xx.o(.text)
    .text                                    0x08000214   Section       64  startup_stm32f407xx.o(.text)
    .text                                    0x08000254   Section        0  noretval__2sprintf.o(.text)
    .text                                    0x0800027c   Section        0  _printf_pad.o(.text)
    .text                                    0x080002cc   Section        0  _printf_dec.o(.text)
    .text                                    0x08000344   Section        0  __printf_flags_wp.o(.text)
    .text                                    0x0800047c   Section       68  rt_memclr.o(.text)
    .text                                    0x080004c0   Section      124  strcmpv7em.o(.text)
    .text                                    0x0800053c   Section        0  heapauxi.o(.text)
    .text                                    0x08000542   Section        0  _printf_intcommon.o(.text)
    _printf_input_char                       0x080005f5   Thumb Code    10  _printf_char_common.o(.text)
    .text                                    0x080005f4   Section        0  _printf_char_common.o(.text)
    .text                                    0x08000624   Section        0  _sputc.o(.text)
    .text                                    0x0800062e   Section       78  rt_memclr_w.o(.text)
    .text                                    0x0800067c   Section       74  sys_stackheap_outer.o(.text)
    .text                                    0x080006c6   Section        0  exit.o(.text)
    .text                                    0x080006d8   Section        8  libspace.o(.text)
    .text                                    0x080006e0   Section        0  sys_exit.o(.text)
    .text                                    0x080006ec   Section        2  use_no_semi.o(.text)
    .text                                    0x080006ee   Section        0  indicate_semi.o(.text)
    [Anonymous Symbol]                       0x080006f0   Section        0  uartcmds.o(.text.AT24C32_read_data)
    [Anonymous Symbol]                       0x0800071c   Section        0  uartcmds.o(.text.AT24C32_write_data)
    [Anonymous Symbol]                       0x08000748   Section        0  uartcmds.o(.text.DS3231_read_date)
    [Anonymous Symbol]                       0x08000774   Section        0  uartcmds.o(.text.DS3231_read_temp)
    [Anonymous Symbol]                       0x080007a0   Section        0  uartcmds.o(.text.DS3231_read_time)
    __arm_cp.3_1                             0x08000844   Number         4  uartcmds.o(.text.DS3231_read_time)
    __arm_cp.3_2                             0x08000848   Number         4  uartcmds.o(.text.DS3231_read_time)
    __arm_cp.3_3                             0x0800084c   Number         4  uartcmds.o(.text.DS3231_read_time)
    [Anonymous Symbol]                       0x08000868   Section        0  uartcmds.o(.text.DS3231_set_clk_out)
    [Anonymous Symbol]                       0x08000894   Section        0  uartcmds.o(.text.DS3231_set_date)
    [Anonymous Symbol]                       0x080008c0   Section        0  uartcmds.o(.text.DS3231_set_time)
    [Anonymous Symbol]                       0x080008cc   Section        0  i2c.o(.text.I2C_Init)
    __arm_cp.0_1                             0x08000920   Number         4  i2c.o(.text.I2C_Init)
    [Anonymous Symbol]                       0x08000924   Section        0  i2c.o(.text.I2C_Read)
    [Anonymous Symbol]                       0x08000a30   Section        0  i2c.o(.text.I2C_Write)
    __arm_cp.1_0                             0x08000a88   Number         4  i2c.o(.text.I2C_Write)
    [Anonymous Symbol]                       0x08000a8c   Section        0  system_stm32f4xx.o(.text.SystemInit)
    __arm_cp.0_0                             0x08000ac8   Number         4  system_stm32f4xx.o(.text.SystemInit)
    __arm_cp.0_1                             0x08000acc   Number         4  system_stm32f4xx.o(.text.SystemInit)
    __arm_cp.0_2                             0x08000ad0   Number         4  system_stm32f4xx.o(.text.SystemInit)
    __arm_cp.0_3                             0x08000ad4   Number         4  system_stm32f4xx.o(.text.SystemInit)
    [Anonymous Symbol]                       0x08000ad8   Section        0  uart.o(.text.UART_Init)
    __arm_cp.0_0                             0x08000b30   Number         4  uart.o(.text.UART_Init)
    __arm_cp.0_1                             0x08000b34   Number         4  uart.o(.text.UART_Init)
    __arm_cp.0_3                             0x08000b38   Number         4  uart.o(.text.UART_Init)
    [Anonymous Symbol]                       0x08000b3c   Section        0  uart.o(.text.UART_TX)
    [Anonymous Symbol]                       0x08000b58   Section        0  uartcmds.o(.text.UART_parse_cmd)
    __arm_cp.1_1                             0x08000be8   Number         4  uartcmds.o(.text.UART_parse_cmd)
    __arm_cp.1_2                             0x08000bec   Number         4  uartcmds.o(.text.UART_parse_cmd)
    __arm_cp.1_3                             0x08000bf0   Number         4  uartcmds.o(.text.UART_parse_cmd)
    [Anonymous Symbol]                       0x08000c3c   Section        0  uartcmds.o(.text.UART_send_help)
    __arm_cp.2_1                             0x08000cac   Number         4  uartcmds.o(.text.UART_send_help)
    __arm_cp.2_2                             0x08000cb0   Number         4  uartcmds.o(.text.UART_send_help)
    __arm_cp.2_3                             0x08000cb4   Number         4  uartcmds.o(.text.UART_send_help)
    __arm_cp.2_4                             0x08000cb8   Number         4  uartcmds.o(.text.UART_send_help)
    __arm_cp.2_5                             0x08000cbc   Number         4  uartcmds.o(.text.UART_send_help)
    __arm_cp.2_6                             0x08000cc0   Number         4  uartcmds.o(.text.UART_send_help)
    __arm_cp.2_7                             0x08000cc4   Number         4  uartcmds.o(.text.UART_send_help)
    __arm_cp.2_8                             0x08000cc8   Number         4  uartcmds.o(.text.UART_send_help)
    __arm_cp.2_11                            0x08000d1c   Number         4  uartcmds.o(.text.UART_send_help)
    __arm_cp.2_12                            0x08000d20   Number         4  uartcmds.o(.text.UART_send_help)
    __arm_cp.2_13                            0x08000d24   Number         4  uartcmds.o(.text.UART_send_help)
    [Anonymous Symbol]                       0x08000d28   Section        0  uartcmds.o(.text.UART_show_syntax_error)
    [Anonymous Symbol]                       0x08000d40   Section        0  uart.o(.text.USART2_IRQHandler)
    __arm_cp.2_0                             0x08000d84   Number         4  uart.o(.text.USART2_IRQHandler)
    __arm_cp.2_1                             0x08000d88   Number         4  uart.o(.text.USART2_IRQHandler)
    [Anonymous Symbol]                       0x08000d8c   Section        0  main.o(.text.main)
    __arm_cp.0_0                             0x08000dac   Number         4  main.o(.text.main)
    __arm_cp.0_1                             0x08000db0   Number         4  main.o(.text.main)
    i._is_digit                              0x08000db4   Section        0  __printf_wp.o(i._is_digit)
    $v0                                      0x08000dc2   Number         0  fpinit.o(x$fpl$fpinit)
    x$fpl$fpinit                             0x08000dc2   Section       26  fpinit.o(x$fpl$fpinit)
    maptable                                 0x08000ddc   Data          17  __printf_flags_wp.o(.constdata)
    .constdata                               0x08000ddc   Section       17  __printf_flags_wp.o(.constdata)
    UART_func_list                           0x08000df0   Data         108  uartcmds.o(.rodata.UART_func_list)
    [Anonymous Symbol]                       0x08000df0   Section        0  uartcmds.o(.rodata.UART_func_list)
    .L.str.6                                 0x08000e5c   Data          32  uartcmds.o(.rodata.str1.1)
    [Anonymous Symbol]                       0x08000e5c   Section        0  uartcmds.o(.rodata.str1.1)
    .L.str.8                                 0x08000e7c   Data          35  uartcmds.o(.rodata.str1.1)
    .L.str.10                                0x08000e9f   Data          42  uartcmds.o(.rodata.str1.1)
    .L.str.9                                 0x08000ec9   Data          35  uartcmds.o(.rodata.str1.1)
    .L.str.11                                0x08000eec   Data          41  uartcmds.o(.rodata.str1.1)
    .L.str.12                                0x08000f15   Data          41  uartcmds.o(.rodata.str1.1)
    .L.str.7                                 0x08000f3e   Data          18  uartcmds.o(.rodata.str1.1)
    .L.str.15                                0x08000f50   Data          72  uartcmds.o(.rodata.str1.1)
    .L.str.16                                0x08000f98   Data          79  uartcmds.o(.rodata.str1.1)
    .L.str.2                                 0x08000fe5   Data           2  uartcmds.o(.rodata.str1.1)
    .bss                                     0x20000000   Section       96  libspace.o(.bss)
    [Anonymous Symbol]                       0x20000060   Section        0  uart.o(.bss..L_MergedGlobals)
    USART2_IRQHandler.position               0x20000061   Data           1  uart.o(.bss..L_MergedGlobals)
    Heap_Mem                                 0x20000118   Data         512  startup_stm32f407xx.o(HEAP)
    HEAP                                     0x20000118   Section      512  startup_stm32f407xx.o(HEAP)
    Stack_Mem                                0x20000318   Data        1024  startup_stm32f407xx.o(STACK)
    STACK                                    0x20000318   Section     1024  startup_stm32f407xx.o(STACK)
    __initial_sp                             0x20000718   Data           0  startup_stm32f407xx.o(STACK)

    Global Symbols

    Symbol Name                              Value     Ov Type        Size  Object(Section)

    BuildAttributes$$THM_ISAv4$E$P$D$K$B$S$7EM$VFPi3$EXTD16$VFPS$VFMA$PE$A:L22UL41UL21$X:L11$S22US41US21$IEEE1$IW$~IW$USESV6$~STKCKD$USESV7$~SHL$OSPACE$ROPI$EBA8$UX$STANDARDLIB$REQ8$PRES8$EABIv2 0x00000000   Number         0  anon$$obj.o ABSOLUTE
    _printf_flags                            0x00000000   Number         0  printf_stubs.o ABSOLUTE
    _printf_return_value                     0x00000000   Number         0  printf_stubs.o ABSOLUTE
    _printf_sizespec                         0x00000000   Number         0  printf_stubs.o ABSOLUTE
    _printf_widthprec                        0x00000000   Number         0  printf_stubs.o ABSOLUTE
    __ARM_exceptions_init                     - Undefined Weak Reference
    __alloca_initialize                       - Undefined Weak Reference
    __arm_preinit_                            - Undefined Weak Reference
    __cpp_initialize__aeabi_                  - Undefined Weak Reference
    __cxa_finalize                            - Undefined Weak Reference
    __rt_locale                               - Undefined Weak Reference
    __sigvec_lookup                           - Undefined Weak Reference
    _atexit_init                              - Undefined Weak Reference
    _call_atexit_fns                          - Undefined Weak Reference
    _clock_init                               - Undefined Weak Reference
    _fp_trap_init                             - Undefined Weak Reference
    _fp_trap_shutdown                         - Undefined Weak Reference
    _get_lc_collate                           - Undefined Weak Reference
    _get_lc_ctype                             - Undefined Weak Reference
    _get_lc_monetary                          - Undefined Weak Reference
    _get_lc_numeric                           - Undefined Weak Reference
    _get_lc_time                              - Undefined Weak Reference
    _getenv_init                              - Undefined Weak Reference
    _handle_redirection                       - Undefined Weak Reference
    _init_alloc                               - Undefined Weak Reference
    _init_user_alloc                          - Undefined Weak Reference
    _initio                                   - Undefined Weak Reference
    _printf_truncate_signed                   - Undefined Weak Reference
    _printf_truncate_unsigned                 - Undefined Weak Reference
    _rand_init                                - Undefined Weak Reference
    _signal_finish                            - Undefined Weak Reference
    _signal_init                              - Undefined Weak Reference
    _terminate_alloc                          - Undefined Weak Reference
    _terminate_user_alloc                     - Undefined Weak Reference
    _terminateio                              - Undefined Weak Reference
    __Vectors_Size                           0x00000188   Number         0  startup_stm32f407xx.o ABSOLUTE
    __Vectors                                0x08000000   Data           4  startup_stm32f407xx.o(RESET)
    __Vectors_End                            0x08000188   Data           0  startup_stm32f407xx.o(RESET)
    __main                                   0x08000189   Thumb Code     8  __main.o(!!!main)
    __scatterload                            0x08000191   Thumb Code     0  __scatter.o(!!!scatter)
    __scatterload_rt2                        0x08000191   Thumb Code    44  __scatter.o(!!!scatter)
    __scatterload_rt2_thumb_only             0x08000191   Thumb Code     0  __scatter.o(!!!scatter)
    __scatterload_null                       0x0800019f   Thumb Code     0  __scatter.o(!!!scatter)
    __scatterload_zeroinit                   0x080001c5   Thumb Code    28  __scatter_zi.o(!!handler_zi)
    _printf_d                                0x080001e1   Thumb Code     0  _printf_d.o(.ARM.Collect$$_printf_percent$$00000009)
    _printf_percent                          0x080001e1   Thumb Code     0  _printf_percent.o(.ARM.Collect$$_printf_percent$$00000000)
    _printf_percent_end                      0x080001e7   Thumb Code     0  _printf_percent_end.o(.ARM.Collect$$_printf_percent$$00000017)
    __rt_lib_init                            0x080001eb   Thumb Code     0  libinit.o(.ARM.Collect$$libinit$$00000000)
    __rt_lib_init_fp_1                       0x080001ed   Thumb Code     0  libinit2.o(.ARM.Collect$$libinit$$00000001)
    __rt_lib_init_alloca_1                   0x080001f1   Thumb Code     0  libinit2.o(.ARM.Collect$$libinit$$0000002E)
    __rt_lib_init_argv_1                     0x080001f1   Thumb Code     0  libinit2.o(.ARM.Collect$$libinit$$0000002C)
    __rt_lib_init_atexit_1                   0x080001f1   Thumb Code     0  libinit2.o(.ARM.Collect$$libinit$$0000001B)
    __rt_lib_init_clock_1                    0x080001f1   Thumb Code     0  libinit2.o(.ARM.Collect$$libinit$$00000021)
    __rt_lib_init_cpp_1                      0x080001f1   Thumb Code     0  libinit2.o(.ARM.Collect$$libinit$$00000032)
    __rt_lib_init_exceptions_1               0x080001f1   Thumb Code     0  libinit2.o(.ARM.Collect$$libinit$$00000030)
    __rt_lib_init_fp_trap_1                  0x080001f1   Thumb Code     0  libinit2.o(.ARM.Collect$$libinit$$0000001F)
    __rt_lib_init_getenv_1                   0x080001f1   Thumb Code     0  libinit2.o(.ARM.Collect$$libinit$$00000023)
    __rt_lib_init_heap_1                     0x080001f1   Thumb Code     0  libinit2.o(.ARM.Collect$$libinit$$0000000A)
    __rt_lib_init_lc_collate_1               0x080001f1   Thumb Code     0  libinit2.o(.ARM.Collect$$libinit$$00000011)
    __rt_lib_init_lc_ctype_1                 0x080001f1   Thumb Code     0  libinit2.o(.ARM.Collect$$libinit$$00000013)
    __rt_lib_init_lc_monetary_1              0x080001f1   Thumb Code     0  libinit2.o(.ARM.Collect$$libinit$$00000015)
    __rt_lib_init_lc_numeric_1               0x080001f1   Thumb Code     0  libinit2.o(.ARM.Collect$$libinit$$00000017)
    __rt_lib_init_lc_time_1                  0x080001f1   Thumb Code     0  libinit2.o(.ARM.Collect$$libinit$$00000019)
    __rt_lib_init_preinit_1                  0x080001f1   Thumb Code     0  libinit2.o(.ARM.Collect$$libinit$$00000004)
    __rt_lib_init_rand_1                     0x080001f1   Thumb Code     0  libinit2.o(.ARM.Collect$$libinit$$0000000E)
    __rt_lib_init_return                     0x080001f1   Thumb Code     0  libinit2.o(.ARM.Collect$$libinit$$00000033)
    __rt_lib_init_signal_1                   0x080001f1   Thumb Code     0  libinit2.o(.ARM.Collect$$libinit$$0000001D)
    __rt_lib_init_stdio_1                    0x080001f1   Thumb Code     0  libinit2.o(.ARM.Collect$$libinit$$00000025)
    __rt_lib_init_user_alloc_1               0x080001f1   Thumb Code     0  libinit2.o(.ARM.Collect$$libinit$$0000000C)
    __rt_lib_shutdown                        0x080001f3   Thumb Code     0  libshutdown.o(.ARM.Collect$$libshutdown$$00000000)
    __rt_lib_shutdown_cpp_1                  0x080001f5   Thumb Code     0  libshutdown2.o(.ARM.Collect$$libshutdown$$00000002)
    __rt_lib_shutdown_fp_trap_1              0x080001f5   Thumb Code     0  libshutdown2.o(.ARM.Collect$$libshutdown$$00000007)
    __rt_lib_shutdown_heap_1                 0x080001f5   Thumb Code     0  libshutdown2.o(.ARM.Collect$$libshutdown$$0000000F)
    __rt_lib_shutdown_return                 0x080001f5   Thumb Code     0  libshutdown2.o(.ARM.Collect$$libshutdown$$00000010)
    __rt_lib_shutdown_signal_1               0x080001f5   Thumb Code     0  libshutdown2.o(.ARM.Collect$$libshutdown$$0000000A)
    __rt_lib_shutdown_stdio_1                0x080001f5   Thumb Code     0  libshutdown2.o(.ARM.Collect$$libshutdown$$00000004)
    __rt_lib_shutdown_user_alloc_1           0x080001f5   Thumb Code     0  libshutdown2.o(.ARM.Collect$$libshutdown$$0000000C)
    __rt_entry                               0x080001f7   Thumb Code     0  __rtentry.o(.ARM.Collect$$rtentry$$00000000)
    __rt_entry_presh_1                       0x080001f7   Thumb Code     0  __rtentry2.o(.ARM.Collect$$rtentry$$00000002)
    __rt_entry_sh                            0x080001f7   Thumb Code     0  __rtentry4.o(.ARM.Collect$$rtentry$$00000004)
    __rt_entry_li                            0x080001fd   Thumb Code     0  __rtentry2.o(.ARM.Collect$$rtentry$$0000000A)
    __rt_entry_postsh_1                      0x080001fd   Thumb Code     0  __rtentry2.o(.ARM.Collect$$rtentry$$00000009)
    __rt_entry_main                          0x08000201   Thumb Code     0  __rtentry2.o(.ARM.Collect$$rtentry$$0000000D)
    __rt_entry_postli_1                      0x08000201   Thumb Code     0  __rtentry2.o(.ARM.Collect$$rtentry$$0000000C)
    __rt_exit                                0x08000209   Thumb Code     0  rtexit.o(.ARM.Collect$$rtexit$$00000000)
    __rt_exit_ls                             0x0800020b   Thumb Code     0  rtexit2.o(.ARM.Collect$$rtexit$$00000003)
    __rt_exit_prels_1                        0x0800020b   Thumb Code     0  rtexit2.o(.ARM.Collect$$rtexit$$00000002)
    __rt_exit_exit                           0x0800020f   Thumb Code     0  rtexit2.o(.ARM.Collect$$rtexit$$00000004)
    Reset_Handler                            0x08000215   Thumb Code     8  startup_stm32f407xx.o(.text)
    NMI_Handler                              0x0800021d   Thumb Code     2  startup_stm32f407xx.o(.text)
    HardFault_Handler                        0x0800021f   Thumb Code     2  startup_stm32f407xx.o(.text)
    MemManage_Handler                        0x08000221   Thumb Code     2  startup_stm32f407xx.o(.text)
    BusFault_Handler                         0x08000223   Thumb Code     2  startup_stm32f407xx.o(.text)
    UsageFault_Handler                       0x08000225   Thumb Code     2  startup_stm32f407xx.o(.text)
    SVC_Handler                              0x08000227   Thumb Code     2  startup_stm32f407xx.o(.text)
    DebugMon_Handler                         0x08000229   Thumb Code     2  startup_stm32f407xx.o(.text)
    PendSV_Handler                           0x0800022b   Thumb Code     2  startup_stm32f407xx.o(.text)
    SysTick_Handler                          0x0800022d   Thumb Code     2  startup_stm32f407xx.o(.text)
    ADC_IRQHandler                           0x0800022f   Thumb Code     0  startup_stm32f407xx.o(.text)
    CAN1_RX0_IRQHandler                      0x0800022f   Thumb Code     0  startup_stm32f407xx.o(.text)
    CAN1_RX1_IRQHandler                      0x0800022f   Thumb Code     0  startup_stm32f407xx.o(.text)
    CAN1_SCE_IRQHandler                      0x0800022f   Thumb Code     0  startup_stm32f407xx.o(.text)
    CAN1_TX_IRQHandler                       0x0800022f   Thumb Code     0  startup_stm32f407xx.o(.text)
    CAN2_RX0_IRQHandler                      0x0800022f   Thumb Code     0  startup_stm32f407xx.o(.text)
    CAN2_RX1_IRQHandler                      0x0800022f   Thumb Code     0  startup_stm32f407xx.o(.text)
    CAN2_SCE_IRQHandler                      0x0800022f   Thumb Code     0  startup_stm32f407xx.o(.text)
    CAN2_TX_IRQHandler                       0x0800022f   Thumb Code     0  startup_stm32f407xx.o(.text)
    DCMI_IRQHandler                          0x0800022f   Thumb Code     0  startup_stm32f407xx.o(.text)
    DMA1_Stream0_IRQHandler                  0x0800022f   Thumb Code     0  startup_stm32f407xx.o(.text)
    DMA1_Stream1_IRQHandler                  0x0800022f   Thumb Code     0  startup_stm32f407xx.o(.text)
    DMA1_Stream2_IRQHandler                  0x0800022f   Thumb Code     0  startup_stm32f407xx.o(.text)
    DMA1_Stream3_IRQHandler                  0x0800022f   Thumb Code     0  startup_stm32f407xx.o(.text)
    DMA1_Stream4_IRQHandler                  0x0800022f   Thumb Code     0  startup_stm32f407xx.o(.text)
    DMA1_Stream5_IRQHandler                  0x0800022f   Thumb Code     0  startup_stm32f407xx.o(.text)
    DMA1_Stream6_IRQHandler                  0x0800022f   Thumb Code     0  startup_stm32f407xx.o(.text)
    DMA1_Stream7_IRQHandler                  0x0800022f   Thumb Code     0  startup_stm32f407xx.o(.text)
    DMA2_Stream0_IRQHandler                  0x0800022f   Thumb Code     0  startup_stm32f407xx.o(.text)
    DMA2_Stream1_IRQHandler                  0x0800022f   Thumb Code     0  startup_stm32f407xx.o(.text)
    DMA2_Stream2_IRQHandler                  0x0800022f   Thumb Code     0  startup_stm32f407xx.o(.text)
    DMA2_Stream3_IRQHandler                  0x0800022f   Thumb Code     0  startup_stm32f407xx.o(.text)
    DMA2_Stream4_IRQHandler                  0x0800022f   Thumb Code     0  startup_stm32f407xx.o(.text)
    DMA2_Stream5_IRQHandler                  0x0800022f   Thumb Code     0  startup_stm32f407xx.o(.text)
    DMA2_Stream6_IRQHandler                  0x0800022f   Thumb Code     0  startup_stm32f407xx.o(.text)
    DMA2_Stream7_IRQHandler                  0x0800022f   Thumb Code     0  startup_stm32f407xx.o(.text)
    ETH_IRQHandler                           0x0800022f   Thumb Code     0  startup_stm32f407xx.o(.text)
    ETH_WKUP_IRQHandler                      0x0800022f   Thumb Code     0  startup_stm32f407xx.o(.text)
    EXTI0_IRQHandler                         0x0800022f   Thumb Code     0  startup_stm32f407xx.o(.text)
    EXTI15_10_IRQHandler                     0x0800022f   Thumb Code     0  startup_stm32f407xx.o(.text)
    EXTI1_IRQHandler                         0x0800022f   Thumb Code     0  startup_stm32f407xx.o(.text)
    EXTI2_IRQHandler                         0x0800022f   Thumb Code     0  startup_stm32f407xx.o(.text)
    EXTI3_IRQHandler                         0x0800022f   Thumb Code     0  startup_stm32f407xx.o(.text)
    EXTI4_IRQHandler                         0x0800022f   Thumb Code     0  startup_stm32f407xx.o(.text)
    EXTI9_5_IRQHandler                       0x0800022f   Thumb Code     0  startup_stm32f407xx.o(.text)
    FLASH_IRQHandler                         0x0800022f   Thumb Code     0  startup_stm32f407xx.o(.text)
    FMC_IRQHandler                           0x0800022f   Thumb Code     0  startup_stm32f407xx.o(.text)
    FPU_IRQHandler                           0x0800022f   Thumb Code     0  startup_stm32f407xx.o(.text)
    HASH_RNG_IRQHandler                      0x0800022f   Thumb Code     0  startup_stm32f407xx.o(.text)
    I2C1_ER_IRQHandler                       0x0800022f   Thumb Code     0  startup_stm32f407xx.o(.text)
    I2C1_EV_IRQHandler                       0x0800022f   Thumb Code     0  startup_stm32f407xx.o(.text)
    I2C2_ER_IRQHandler                       0x0800022f   Thumb Code     0  startup_stm32f407xx.o(.text)
    I2C2_EV_IRQHandler                       0x0800022f   Thumb Code     0  startup_stm32f407xx.o(.text)
    I2C3_ER_IRQHandler                       0x0800022f   Thumb Code     0  startup_stm32f407xx.o(.text)
    I2C3_EV_IRQHandler                       0x0800022f   Thumb Code     0  startup_stm32f407xx.o(.text)
    OTG_FS_IRQHandler                        0x0800022f   Thumb Code     0  startup_stm32f407xx.o(.text)
    OTG_FS_WKUP_IRQHandler                   0x0800022f   Thumb Code     0  startup_stm32f407xx.o(.text)
    OTG_HS_EP1_IN_IRQHandler                 0x0800022f   Thumb Code     0  startup_stm32f407xx.o(.text)
    OTG_HS_EP1_OUT_IRQHandler                0x0800022f   Thumb Code     0  startup_stm32f407xx.o(.text)
    OTG_HS_IRQHandler                        0x0800022f   Thumb Code     0  startup_stm32f407xx.o(.text)
    OTG_HS_WKUP_IRQHandler                   0x0800022f   Thumb Code     0  startup_stm32f407xx.o(.text)
    PVD_IRQHandler                           0x0800022f   Thumb Code     0  startup_stm32f407xx.o(.text)
    RCC_IRQHandler                           0x0800022f   Thumb Code     0  startup_stm32f407xx.o(.text)
    RTC_Alarm_IRQHandler                     0x0800022f   Thumb Code     0  startup_stm32f407xx.o(.text)
    RTC_WKUP_IRQHandler                      0x0800022f   Thumb Code     0  startup_stm32f407xx.o(.text)
    SDIO_IRQHandler                          0x0800022f   Thumb Code     0  startup_stm32f407xx.o(.text)
    SPI1_IRQHandler                          0x0800022f   Thumb Code     0  startup_stm32f407xx.o(.text)
    SPI2_IRQHandler                          0x0800022f   Thumb Code     0  startup_stm32f407xx.o(.text)
    SPI3_IRQHandler                          0x0800022f   Thumb Code     0  startup_stm32f407xx.o(.text)
    TAMP_STAMP_IRQHandler                    0x0800022f   Thumb Code     0  startup_stm32f407xx.o(.text)
    TIM1_BRK_TIM9_IRQHandler                 0x0800022f   Thumb Code     0  startup_stm32f407xx.o(.text)
    TIM1_CC_IRQHandler                       0x0800022f   Thumb Code     0  startup_stm32f407xx.o(.text)
    TIM1_TRG_COM_TIM11_IRQHandler            0x0800022f   Thumb Code     0  startup_stm32f407xx.o(.text)
    TIM1_UP_TIM10_IRQHandler                 0x0800022f   Thumb Code     0  startup_stm32f407xx.o(.text)
    TIM2_IRQHandler                          0x0800022f   Thumb Code     0  startup_stm32f407xx.o(.text)
    TIM3_IRQHandler                          0x0800022f   Thumb Code     0  startup_stm32f407xx.o(.text)
    TIM4_IRQHandler                          0x0800022f   Thumb Code     0  startup_stm32f407xx.o(.text)
    TIM5_IRQHandler                          0x0800022f   Thumb Code     0  startup_stm32f407xx.o(.text)
    TIM6_DAC_IRQHandler                      0x0800022f   Thumb Code     0  startup_stm32f407xx.o(.text)
    TIM7_IRQHandler                          0x0800022f   Thumb Code     0  startup_stm32f407xx.o(.text)
    TIM8_BRK_TIM12_IRQHandler                0x0800022f   Thumb Code     0  startup_stm32f407xx.o(.text)
    TIM8_CC_IRQHandler                       0x0800022f   Thumb Code     0  startup_stm32f407xx.o(.text)
    TIM8_TRG_COM_TIM14_IRQHandler            0x0800022f   Thumb Code     0  startup_stm32f407xx.o(.text)
    TIM8_UP_TIM13_IRQHandler                 0x0800022f   Thumb Code     0  startup_stm32f407xx.o(.text)
    UART4_IRQHandler                         0x0800022f   Thumb Code     0  startup_stm32f407xx.o(.text)
    UART5_IRQHandler                         0x0800022f   Thumb Code     0  startup_stm32f407xx.o(.text)
    USART1_IRQHandler                        0x0800022f   Thumb Code     0  startup_stm32f407xx.o(.text)
    USART3_IRQHandler                        0x0800022f   Thumb Code     0  startup_stm32f407xx.o(.text)
    USART6_IRQHandler                        0x0800022f   Thumb Code     0  startup_stm32f407xx.o(.text)
    WWDG_IRQHandler                          0x0800022f   Thumb Code     0  startup_stm32f407xx.o(.text)
    __user_initial_stackheap                 0x08000231   Thumb Code     0  startup_stm32f407xx.o(.text)
    __2sprintf                               0x08000255   Thumb Code    34  noretval__2sprintf.o(.text)
    _printf_pre_padding                      0x0800027d   Thumb Code    44  _printf_pad.o(.text)
    _printf_post_padding                     0x080002a9   Thumb Code    34  _printf_pad.o(.text)
    _printf_int_dec                          0x080002cd   Thumb Code   104  _printf_dec.o(.text)
    __printf                                 0x08000345   Thumb Code   308  __printf_flags_wp.o(.text)
    __aeabi_memclr                           0x0800047d   Thumb Code     0  rt_memclr.o(.text)
    __rt_memclr                              0x0800047d   Thumb Code    68  rt_memclr.o(.text)
    _memset                                  0x08000481   Thumb Code     0  rt_memclr.o(.text)
    strcmp                                   0x080004c1   Thumb Code   124  strcmpv7em.o(.text)
    __use_two_region_memory                  0x0800053d   Thumb Code     2  heapauxi.o(.text)
    __rt_heap_escrow$2region                 0x0800053f   Thumb Code     2  heapauxi.o(.text)
    __rt_heap_expand$2region                 0x08000541   Thumb Code     2  heapauxi.o(.text)
    _printf_int_common                       0x08000543   Thumb Code   178  _printf_intcommon.o(.text)
    _printf_char_common                      0x080005ff   Thumb Code    32  _printf_char_common.o(.text)
    _sputc                                   0x08000625   Thumb Code    10  _sputc.o(.text)
    __aeabi_memclr4                          0x0800062f   Thumb Code     0  rt_memclr_w.o(.text)
    __aeabi_memclr8                          0x0800062f   Thumb Code     0  rt_memclr_w.o(.text)
    __rt_memclr_w                            0x0800062f   Thumb Code    78  rt_memclr_w.o(.text)
    _memset_w                                0x08000633   Thumb Code     0  rt_memclr_w.o(.text)
    __user_setup_stackheap                   0x0800067d   Thumb Code    74  sys_stackheap_outer.o(.text)
    exit                                     0x080006c7   Thumb Code    18  exit.o(.text)
    __user_libspace                          0x080006d9   Thumb Code     8  libspace.o(.text)
    __user_perproc_libspace                  0x080006d9   Thumb Code     0  libspace.o(.text)
    __user_perthread_libspace                0x080006d9   Thumb Code     0  libspace.o(.text)
    _sys_exit                                0x080006e1   Thumb Code     8  sys_exit.o(.text)
    __I$use$semihosting                      0x080006ed   Thumb Code     0  use_no_semi.o(.text)
    __use_no_semihosting_swi                 0x080006ed   Thumb Code     2  use_no_semi.o(.text)
    __semihosting_library_function           0x080006ef   Thumb Code     0  indicate_semi.o(.text)
    AT24C32_read_data                        0x080006f1   Thumb Code    44  uartcmds.o(.text.AT24C32_read_data)
    AT24C32_write_data                       0x0800071d   Thumb Code    44  uartcmds.o(.text.AT24C32_write_data)
    DS3231_read_date                         0x08000749   Thumb Code    44  uartcmds.o(.text.DS3231_read_date)
    DS3231_read_temp                         0x08000775   Thumb Code    44  uartcmds.o(.text.DS3231_read_temp)
    DS3231_read_time                         0x080007a1   Thumb Code   200  uartcmds.o(.text.DS3231_read_time)
    DS3231_set_clk_out                       0x08000869   Thumb Code    44  uartcmds.o(.text.DS3231_set_clk_out)
    DS3231_set_date                          0x08000895   Thumb Code    44  uartcmds.o(.text.DS3231_set_date)
    DS3231_set_time                          0x080008c1   Thumb Code    12  uartcmds.o(.text.DS3231_set_time)
    I2C_Init                                 0x080008cd   Thumb Code    88  i2c.o(.text.I2C_Init)
    I2C_Read                                 0x08000925   Thumb Code   268  i2c.o(.text.I2C_Read)
    I2C_Write                                0x08000a31   Thumb Code    92  i2c.o(.text.I2C_Write)
    SystemInit                               0x08000a8d   Thumb Code    76  system_stm32f4xx.o(.text.SystemInit)
    UART_Init                                0x08000ad9   Thumb Code   100  uart.o(.text.UART_Init)
    UART_TX                                  0x08000b3d   Thumb Code    28  uart.o(.text.UART_TX)
    UART_parse_cmd                           0x08000b59   Thumb Code   228  uartcmds.o(.text.UART_parse_cmd)
    UART_send_help                           0x08000c3d   Thumb Code   236  uartcmds.o(.text.UART_send_help)
    UART_show_syntax_error                   0x08000d29   Thumb Code    24  uartcmds.o(.text.UART_show_syntax_error)
    USART2_IRQHandler                        0x08000d41   Thumb Code    76  uart.o(.text.USART2_IRQHandler)
    main                                     0x08000d8d   Thumb Code    40  main.o(.text.main)
    _is_digit                                0x08000db5   Thumb Code    14  __printf_wp.o(i._is_digit)
    _fp_init                                 0x08000dc3   Thumb Code    26  fpinit.o(x$fpl$fpinit)
    __fplib_config_fpu_vfp                   0x08000ddb   Thumb Code     0  fpinit.o(x$fpl$fpinit)
    __fplib_config_pureend_doubles           0x08000ddb   Thumb Code     0  fpinit.o(x$fpl$fpinit)
    Region$$Table$$Base                      0x08000fe8   Number         0  anon$$obj.o(Region$$Table)
    Region$$Table$$Limit                     0x08000ff8   Number         0  anon$$obj.o(Region$$Table)
    __libspace_start                         0x20000000   Data          96  libspace.o(.bss)
    __temporary_stack_top$libspace           0x20000060   Data           0  libspace.o(.bss)
    uart_cmd_received                        0x20000060   Data           1  uart.o(.bss..L_MergedGlobals)
    uart_rx_data                             0x20000062   Data          81  uart.o(.bss..L_MergedGlobals)
    i2c_rx_data                              0x200000b3   Data          16  i2c.o(.bss.i2c_rx_data)
    uart_tx_data                             0x200000c3   Data          81  uart.o(.bss.uart_tx_data)



==============================================================================

Memory Map of the image

  Image Entry point : 0x08000215

  Load Region LR_1 (Base: 0x08000000, Size: 0x00000ff8, Max: 0xffffffff, ABSOLUTE)

    Execution Region ER_RO (Exec base: 0x08000000, Load base: 0x08000000, Size: 0x00000ff8, Max: 0xffffffff, ABSOLUTE)

    Exec Addr    Load Addr    Size         Type   Attr      Idx    E Section Name        Object

    0x08000000   0x08000000   0x00000188   Data   RO           80    RESET               startup_stm32f407xx.o
    0x08000188   0x08000188   0x00000008   Code   RO          143  * !!!main             c_w.l(__main.o)
    0x08000190   0x08000190   0x00000034   Code   RO          317    !!!scatter          c_w.l(__scatter.o)
    0x080001c4   0x080001c4   0x0000001c   Code   RO          319    !!handler_zi        c_w.l(__scatter_zi.o)
    0x080001e0   0x080001e0   0x00000000   Code   RO          136    .ARM.Collect$$_printf_percent$$00000000  c_w.l(_printf_percent.o)
    0x080001e0   0x080001e0   0x00000006   Code   RO          135    .ARM.Collect$$_printf_percent$$00000009  c_w.l(_printf_d.o)
    0x080001e6   0x080001e6   0x00000004   Code   RO          152    .ARM.Collect$$_printf_percent$$00000017  c_w.l(_printf_percent_end.o)
    0x080001ea   0x080001ea   0x00000002   Code   RO          181    .ARM.Collect$$libinit$$00000000  c_w.l(libinit.o)
    0x080001ec   0x080001ec   0x00000004   Code   RO          187    .ARM.Collect$$libinit$$00000001  c_w.l(libinit2.o)
    0x080001f0   0x080001f0   0x00000000   Code   RO          190    .ARM.Collect$$libinit$$00000004  c_w.l(libinit2.o)
    0x080001f0   0x080001f0   0x00000000   Code   RO          193    .ARM.Collect$$libinit$$0000000A  c_w.l(libinit2.o)
    0x080001f0   0x080001f0   0x00000000   Code   RO          195    .ARM.Collect$$libinit$$0000000C  c_w.l(libinit2.o)
    0x080001f0   0x080001f0   0x00000000   Code   RO          197    .ARM.Collect$$libinit$$0000000E  c_w.l(libinit2.o)
    0x080001f0   0x080001f0   0x00000000   Code   RO          200    .ARM.Collect$$libinit$$00000011  c_w.l(libinit2.o)
    0x080001f0   0x080001f0   0x00000000   Code   RO          202    .ARM.Collect$$libinit$$00000013  c_w.l(libinit2.o)
    0x080001f0   0x080001f0   0x00000000   Code   RO          204    .ARM.Collect$$libinit$$00000015  c_w.l(libinit2.o)
    0x080001f0   0x080001f0   0x00000000   Code   RO          206    .ARM.Collect$$libinit$$00000017  c_w.l(libinit2.o)
    0x080001f0   0x080001f0   0x00000000   Code   RO          208    .ARM.Collect$$libinit$$00000019  c_w.l(libinit2.o)
    0x080001f0   0x080001f0   0x00000000   Code   RO          210    .ARM.Collect$$libinit$$0000001B  c_w.l(libinit2.o)
    0x080001f0   0x080001f0   0x00000000   Code   RO          212    .ARM.Collect$$libinit$$0000001D  c_w.l(libinit2.o)
    0x080001f0   0x080001f0   0x00000000   Code   RO          214    .ARM.Collect$$libinit$$0000001F  c_w.l(libinit2.o)
    0x080001f0   0x080001f0   0x00000000   Code   RO          216    .ARM.Collect$$libinit$$00000021  c_w.l(libinit2.o)
    0x080001f0   0x080001f0   0x00000000   Code   RO          218    .ARM.Collect$$libinit$$00000023  c_w.l(libinit2.o)
    0x080001f0   0x080001f0   0x00000000   Code   RO          220    .ARM.Collect$$libinit$$00000025  c_w.l(libinit2.o)
    0x080001f0   0x080001f0   0x00000000   Code   RO          224    .ARM.Collect$$libinit$$0000002C  c_w.l(libinit2.o)
    0x080001f0   0x080001f0   0x00000000   Code   RO          226    .ARM.Collect$$libinit$$0000002E  c_w.l(libinit2.o)
    0x080001f0   0x080001f0   0x00000000   Code   RO          228    .ARM.Collect$$libinit$$00000030  c_w.l(libinit2.o)
    0x080001f0   0x080001f0   0x00000000   Code   RO          230    .ARM.Collect$$libinit$$00000032  c_w.l(libinit2.o)
    0x080001f0   0x080001f0   0x00000002   Code   RO          231    .ARM.Collect$$libinit$$00000033  c_w.l(libinit2.o)
    0x080001f2   0x080001f2   0x00000002   Code   RO          253    .ARM.Collect$$libshutdown$$00000000  c_w.l(libshutdown.o)
    0x080001f4   0x080001f4   0x00000000   Code   RO          268    .ARM.Collect$$libshutdown$$00000002  c_w.l(libshutdown2.o)
    0x080001f4   0x080001f4   0x00000000   Code   RO          270    .ARM.Collect$$libshutdown$$00000004  c_w.l(libshutdown2.o)
    0x080001f4   0x080001f4   0x00000000   Code   RO          273    .ARM.Collect$$libshutdown$$00000007  c_w.l(libshutdown2.o)
    0x080001f4   0x080001f4   0x00000000   Code   RO          276    .ARM.Collect$$libshutdown$$0000000A  c_w.l(libshutdown2.o)
    0x080001f4   0x080001f4   0x00000000   Code   RO          278    .ARM.Collect$$libshutdown$$0000000C  c_w.l(libshutdown2.o)
    0x080001f4   0x080001f4   0x00000000   Code   RO          281    .ARM.Collect$$libshutdown$$0000000F  c_w.l(libshutdown2.o)
    0x080001f4   0x080001f4   0x00000002   Code   RO          282    .ARM.Collect$$libshutdown$$00000010  c_w.l(libshutdown2.o)
    0x080001f6   0x080001f6   0x00000000   Code   RO          145    .ARM.Collect$$rtentry$$00000000  c_w.l(__rtentry.o)
    0x080001f6   0x080001f6   0x00000000   Code   RO          156    .ARM.Collect$$rtentry$$00000002  c_w.l(__rtentry2.o)
    0x080001f6   0x080001f6   0x00000006   Code   RO          168    .ARM.Collect$$rtentry$$00000004  c_w.l(__rtentry4.o)
    0x080001fc   0x080001fc   0x00000000   Code   RO          158    .ARM.Collect$$rtentry$$00000009  c_w.l(__rtentry2.o)
    0x080001fc   0x080001fc   0x00000004   Code   RO          159    .ARM.Collect$$rtentry$$0000000A  c_w.l(__rtentry2.o)
    0x08000200   0x08000200   0x00000000   Code   RO          161    .ARM.Collect$$rtentry$$0000000C  c_w.l(__rtentry2.o)
    0x08000200   0x08000200   0x00000008   Code   RO          162    .ARM.Collect$$rtentry$$0000000D  c_w.l(__rtentry2.o)
    0x08000208   0x08000208   0x00000002   Code   RO          185    .ARM.Collect$$rtexit$$00000000  c_w.l(rtexit.o)
    0x0800020a   0x0800020a   0x00000000   Code   RO          233    .ARM.Collect$$rtexit$$00000002  c_w.l(rtexit2.o)
    0x0800020a   0x0800020a   0x00000004   Code   RO          234    .ARM.Collect$$rtexit$$00000003  c_w.l(rtexit2.o)
    0x0800020e   0x0800020e   0x00000006   Code   RO          235    .ARM.Collect$$rtexit$$00000004  c_w.l(rtexit2.o)
    0x08000214   0x08000214   0x00000040   Code   RO           81  * .text               startup_stm32f407xx.o
    0x08000254   0x08000254   0x00000028   Code   RO          107    .text               c_w.l(noretval__2sprintf.o)
    0x0800027c   0x0800027c   0x0000004e   Code   RO          111    .text               c_w.l(_printf_pad.o)
    0x080002ca   0x080002ca   0x00000002   PAD
    0x080002cc   0x080002cc   0x00000078   Code   RO          113    .text               c_w.l(_printf_dec.o)
    0x08000344   0x08000344   0x00000138   Code   RO          127    .text               c_w.l(__printf_flags_wp.o)
    0x0800047c   0x0800047c   0x00000044   Code   RO          137    .text               c_w.l(rt_memclr.o)
    0x080004c0   0x080004c0   0x0000007c   Code   RO          139    .text               c_w.l(strcmpv7em.o)
    0x0800053c   0x0800053c   0x00000006   Code   RO          141    .text               c_w.l(heapauxi.o)
    0x08000542   0x08000542   0x000000b2   Code   RO          146    .text               c_w.l(_printf_intcommon.o)
    0x080005f4   0x080005f4   0x00000030   Code   RO          148    .text               c_w.l(_printf_char_common.o)
    0x08000624   0x08000624   0x0000000a   Code   RO          150    .text               c_w.l(_sputc.o)
    0x0800062e   0x0800062e   0x0000004e   Code   RO          153    .text               c_w.l(rt_memclr_w.o)
    0x0800067c   0x0800067c   0x0000004a   Code   RO          172    .text               c_w.l(sys_stackheap_outer.o)
    0x080006c6   0x080006c6   0x00000012   Code   RO          174    .text               c_w.l(exit.o)
    0x080006d8   0x080006d8   0x00000008   Code   RO          182    .text               c_w.l(libspace.o)
    0x080006e0   0x080006e0   0x0000000c   Code   RO          243    .text               c_w.l(sys_exit.o)
    0x080006ec   0x080006ec   0x00000002   Code   RO          258    .text               c_w.l(use_no_semi.o)
    0x080006ee   0x080006ee   0x00000000   Code   RO          260    .text               c_w.l(indicate_semi.o)
    0x080006ee   0x080006ee   0x00000002   PAD
    0x080006f0   0x080006f0   0x0000002c   Code   RO           65    .text.AT24C32_read_data  uartcmds.o
    0x0800071c   0x0800071c   0x0000002c   Code   RO           63    .text.AT24C32_write_data  uartcmds.o
    0x08000748   0x08000748   0x0000002c   Code   RO           53    .text.DS3231_read_date  uartcmds.o
    0x08000774   0x08000774   0x0000002c   Code   RO           55    .text.DS3231_read_temp  uartcmds.o
    0x080007a0   0x080007a0   0x000000c8   Code   RO           51    .text.DS3231_read_time  uartcmds.o
    0x08000868   0x08000868   0x0000002c   Code   RO           61    .text.DS3231_set_clk_out  uartcmds.o
    0x08000894   0x08000894   0x0000002c   Code   RO           59    .text.DS3231_set_date  uartcmds.o
    0x080008c0   0x080008c0   0x0000000c   Code   RO           57    .text.DS3231_set_time  uartcmds.o
    0x080008cc   0x080008cc   0x00000058   Code   RO           29    .text.I2C_Init      i2c.o
    0x08000924   0x08000924   0x0000010c   Code   RO           33    .text.I2C_Read      i2c.o
    0x08000a30   0x08000a30   0x0000005c   Code   RO           31    .text.I2C_Write     i2c.o
    0x08000a8c   0x08000a8c   0x0000004c   Code   RO           88    .text.SystemInit    system_stm32f4xx.o
    0x08000ad8   0x08000ad8   0x00000064   Code   RO           12    .text.UART_Init     uart.o
    0x08000b3c   0x08000b3c   0x0000001c   Code   RO           14    .text.UART_TX       uart.o
    0x08000b58   0x08000b58   0x000000e4   Code   RO           47    .text.UART_parse_cmd  uartcmds.o
    0x08000c3c   0x08000c3c   0x000000ec   Code   RO           49    .text.UART_send_help  uartcmds.o
    0x08000d28   0x08000d28   0x00000018   Code   RO           45    .text.UART_show_syntax_error  uartcmds.o
    0x08000d40   0x08000d40   0x0000004c   Code   RO           16    .text.USART2_IRQHandler  uart.o
    0x08000d8c   0x08000d8c   0x00000028   Code   RO            2    .text.main          main.o
    0x08000db4   0x08000db4   0x0000000e   Code   RO          125    i._is_digit         c_w.l(__printf_wp.o)
    0x08000dc2   0x08000dc2   0x0000001a   Code   RO          241    x$fpl$fpinit        fz_wm.l(fpinit.o)
    0x08000ddc   0x08000ddc   0x00000011   Data   RO          128    .constdata          c_w.l(__printf_flags_wp.o)
    0x08000ded   0x08000ded   0x00000003   PAD
    0x08000df0   0x08000df0   0x0000006c   Data   RO           69    .rodata.UART_func_list  uartcmds.o
    0x08000e5c   0x08000e5c   0x0000018b   Data   RO           68    .rodata.str1.1      uartcmds.o
    0x08000fe7   0x08000fe7   0x00000001   PAD
    0x08000fe8   0x08000fe8   0x00000010   Data   RO          316    Region$$Table       anon$$obj.o


    Execution Region ER_RW (Exec base: 0x20000000, Load base: 0x08000ff8, Size: 0x00000000, Max: 0xffffffff, ABSOLUTE)

    **** No section assigned to this execution region ****


    Execution Region ER_ZI (Exec base: 0x20000000, Load base: 0x08000ff8, Size: 0x00000718, Max: 0xffffffff, ABSOLUTE)

    Exec Addr    Load Addr    Size         Type   Attr      Idx    E Section Name        Object

    0x20000000        -       0x00000060   Zero   RW          183    .bss                c_w.l(libspace.o)
    0x20000060        -       0x00000053   Zero   RW           19    .bss..L_MergedGlobals  uart.o
    0x200000b3        -       0x00000010   Zero   RW           35    .bss.i2c_rx_data    i2c.o
    0x200000c3        -       0x00000051   Zero   RW           18    .bss.uart_tx_data   uart.o
    0x20000114   0x08000ff8   0x00000004   PAD
    0x20000118        -       0x00000200   Zero   RW           79    HEAP                startup_stm32f407xx.o
    0x20000318        -       0x00000400   Zero   RW           78    STACK               startup_stm32f407xx.o


==============================================================================

Image component sizes


      Code (inc. data)   RO Data    RW Data    ZI Data      Debug   Object Name

       448          8          0          0         16       3045   i2c.o
        40          8          0          0          0        366   main.o
        64         26        392          0       1536        896   startup_stm32f407xx.o
        76         16          0          0          0       2747   system_stm32f4xx.o
       204         20          0          0        164       4953   uart.o
       964        576        503          0          0       2746   uartcmds.o

    ----------------------------------------------------------------------
      1796        654        912          0       1720      14753   Object Totals
         0          0         16          0          0          0   (incl. Generated)
         0          0          1          0          4          0   (incl. Padding)

    ----------------------------------------------------------------------

      Code (inc. data)   RO Data    RW Data    ZI Data      Debug   Library Member Name

         8          0          0          0          0         68   __main.o
       312          4         17          0          0         92   __printf_flags_wp.o
        14          0          0          0          0         68   __printf_wp.o
         0          0          0          0          0          0   __rtentry.o
        12          0          0          0          0          0   __rtentry2.o
         6          0          0          0          0          0   __rtentry4.o
        52          8          0          0          0          0   __scatter.o
        28          0          0          0          0          0   __scatter_zi.o
        48          6          0          0          0         96   _printf_char_common.o
         6          0          0          0          0          0   _printf_d.o
       120         16          0          0          0         92   _printf_dec.o
       178          0          0          0          0         88   _printf_intcommon.o
        78          0          0          0          0        108   _printf_pad.o
         0          0          0          0          0          0   _printf_percent.o
         4          0          0          0          0          0   _printf_percent_end.o
        10          0          0          0          0         68   _sputc.o
        18          0          0          0          0         80   exit.o
         6          0          0          0          0        152   heapauxi.o
         0          0          0          0          0          0   indicate_semi.o
         2          0          0          0          0          0   libinit.o
         6          0          0          0          0          0   libinit2.o
         2          0          0          0          0          0   libshutdown.o
         2          0          0          0          0          0   libshutdown2.o
         8          4          0          0         96         68   libspace.o
        40          6          0          0          0         84   noretval__2sprintf.o
        68          0          0          0          0         68   rt_memclr.o
        78          0          0          0          0         80   rt_memclr_w.o
         2          0          0          0          0          0   rtexit.o
        10          0          0          0          0          0   rtexit2.o
       124          0          0          0          0         88   strcmpv7em.o
        12          4          0          0          0         68   sys_exit.o
        74          0          0          0          0         80   sys_stackheap_outer.o
         2          0          0          0          0         68   use_no_semi.o
        26          0          0          0          0        116   fpinit.o

    ----------------------------------------------------------------------
      1360         48         20          0         96       1632   Library Totals
         4          0          3          0          0          0   (incl. Padding)

    ----------------------------------------------------------------------

      Code (inc. data)   RO Data    RW Data    ZI Data      Debug   Library Name

      1330         48         17          0         96       1516   c_w.l
        26          0          0          0          0        116   fz_wm.l

    ----------------------------------------------------------------------
      1360         48         20          0         96       1632   Library Totals

    ----------------------------------------------------------------------

==============================================================================


      Code (inc. data)   RO Data    RW Data    ZI Data      Debug   

      3156        702        932          0       1816      15525   Grand Totals
      3156        702        932          0       1816      15525   ELF Image Totals
      3156        702        932          0          0          0   ROM Totals

==============================================================================

    Total RO  Size (Code + RO Data)                 4088 (   3.99kB)
    Total RW  Size (RW Data + ZI Data)              1816 (   1.77kB)
    Total ROM Size (Code + RO Data + RW Data)       4088 (   3.99kB)

==============================================================================

